[dycusinsurance.com/index.html]
[backblue.gif]
[fade.gif]
[index.html]
[dycusinsurance.com/wp-content/uploads/2023/06/Dycus-Insurance-Open-Graph.jpg]
[www.googletagmanager.com/gtag/js53b0]
[b3209906.smushcdn.com/index.html]
[fonts.googleapis.com/index.html]
[dycusinsurance.com/wp-content/cache/min/1/wp-content/plugins/forge3-activeagency-features/src/css/forge3-activeagency-stylesc539.css]
[dycusinsurance.com/feed/index.html]
[dycusinsurance.com/wp-includes/css/dist/block-library/style.min6fb3.css]
[dycusinsurance.com/comments/feed/index.html]
[dycusinsurance.com/home-jt-2/feed/index.html]
[dycusinsurance.com/wp-includes/css/classic-themes.min68b3.css]
[dycusinsurance.com/wp-content/cache/min/1/wp-content/themes/activeagency/css/iconsmind-corec539.css]
[dycusinsurance.com/wp-content/cache/min/1/wp-content/themes/activeagency/css/font-awesome-legacy.minc539.css]
[dycusinsurance.com/wp-content/cache/min/1/wp-includes/css/dashicons.minc539.css]
[dycusinsurance.com/wp-content/themes/activeagency/style6fb3.css]
[dycusinsurance.com/wp-content/cache/min/1/wp-content/themes/activeagency/css/grid-systemc539.css]
[dycusinsurance.com/wp-content/cache/min/1/wp-content/themes/activeagency/css/elements/element-fancy-boxc539.css]
[dycusinsurance.com/wp-content/cache/min/1/wp-content/themes/activeagency/css/stylec539.css]
[dycusinsurance.com/wp-content/cache/min/1/wp-content/themes/activeagency/css/elements/element-togglesc539.css]
[dycusinsurance.com/wp-content/cache/min/1/wp-content/themes/activeagency/css/elements/element-vc-separatorc539.css]
[dycusinsurance.com/wp-content/cache/min/1/wp-content/themes/activeagency/css/elements/element-vc-icon-elementc539.css]
[dycusinsurance.com/wp-content/cache/min/1/wp-content/themes/activeagency/css/elements/element-wpb-column-borderc539.css]
[dycusinsurance.com/wp-content/cache/min/1/wp-content/themes/activeagency/css/responsivec539.css]
[dycusinsurance.com/wp-content/cache/min/1/wp-content/themes/activeagency/css/skin-originalc539.css]
[dycusinsurance.com/wp-content/cache/min/1/wp-content/uploads/salient/menu-dynamicc539.css]
[dycusinsurance.com/wp-content/cache/min/1/wp-content/plugins/js_composer_salient/assets/css/js_composer.minc539.css]
[dycusinsurance.com/wp-content/cache/min/1/wp-content/themes/activeagency/css/salient-dynamic-stylesc539.css]
[dycusinsurance.com/wp-content/themes/activeagency-child/stylea73f.css]
[dycusinsurance.com/wp-includes/js/jquery/jquery.mina7a0.js]
[dycusinsurance.com/wp-includes/js/jquery/jquery-migrate.mind617.js]
[dycusinsurance.com/wp-content/cache/min/1/wp-content/plugins/forge3-activeagency-features/src/js/forge3-activeagency-header-scriptsa9db.js]
[dycusinsurance.com/wp-content/plugins/gravityforms/js/jquery.json.min30ad.js]
[dycusinsurance.com/wp-content/plugins/gravityforms/js/gravityforms.min30ad.js]
[dycusinsurance.com/wp-content/plugins/gravityforms/assets/js/dist/utils.min8463.js]
[dycusinsurance.com/wp-json/wp/v2/pages/13693.json]
[dycusinsurance.com/wp-json/index.html]
[dycusinsurance.com/xmlrpc.1f0db0.delayed]
[dycusinsurance.com/wp-includes/wlwmanifest.xml]
[dycusinsurance.com/wp-json/oembed/1.0/embed1af7.json]
[dycusinsurance.com/wp-json/oembed/1.0/embeda8b8]
[dycusinsurance.com/power-panel/insurance-solutions/index.html]
[dycusinsurance.com/power-panel/serving-all-50-states-and-dc/index.html]
[dycusinsurance.com/power-panel/request-a-quote/index.html]
[dycusinsurance.com/wp-content/uploads/2023/06/cropped-Dycus-Insurance-Favicon-32x32.png]
[dycusinsurance.com/wp-content/uploads/2023/06/cropped-Dycus-Insurance-Favicon-192x192.png]
[dycusinsurance.com/wp-content/uploads/2023/06/cropped-Dycus-Insurance-Favicon-180x180.png]
[dycusinsurance.com/wp-content/plugins/forge3-activeagency-features/iconset/font/active-agency3d9a.woff2]
[dycusinsurance.com/wp-content/themes/activeagency/css/fonts/fontawesome-webfont3ea6.woff]
[dycusinsurance.com/wp-content/themes/activeagency/css/fonts/icomoon.woff]
[dycusinsurance.com/wp-content/themes/activeagency/css/fonts/iconsmindc619.ttf]
[dycusinsurance.com/wp-content/uploads/2023/06/Dycus-Insurance-Logo-500.png]
[b3209906.smushcdn.com/3209906/wp-content/uploads/2023/06/Partner-BBB-300x1160af1.png]
[dycusinsurance.com/insurance-solutions/index.html]
[dycusinsurance.com/business-insurance/index.html]
[dycusinsurance.com/business-insurance/trucking-insurance/index.html]
[dycusinsurance.com/business-insurance/transportation-insurance/index.html]
[dycusinsurance.com/business-insurance/general-liability-insurance/index.html]
[dycusinsurance.com/business-insurance/fleet-insurance/index.html]
[dycusinsurance.com/business-insurance/business-auto-insurance/index.html]
[dycusinsurance.com/personal-insurance/auto-insurance/index.html]
[dycusinsurance.com/personal-insurance/individual-retirement-account/index.html]
[dycusinsurance.com/wp-content/uploads/2023/06/Business-Insurance-Friendly-Truck-Driver-Taking-a-Break-in-His-Truck.jpg]
[dycusinsurance.com/personal-insurance/motorcycle-insurance/index.html]
[dycusinsurance.com/personal-insurance/individual-life-insurance/index.html]
[dycusinsurance.com/service-center/index.html]
[dycusinsurance.com/personal-insurance/personal-injury-protection-pip-insurance/index.html]
[dycusinsurance.com/clickable-coverage/index.html]
[dycusinsurance.com/wp-content/cache/min/1/wp-content/themes/activeagency/css/elements/element-animated-titlec539.css]
[dycusinsurance.com/personal-insurance/index.html]
[dycusinsurance.com/service-center/report-a-claim/index.html]
[dycusinsurance.com/service-center/request-auto-id-card/index.html]
[dycusinsurance.com/service-center/request-certificate/index.html]
[dycusinsurance.com/wp-content/cache/min/1/wp-content/themes/activeagency/css/plugins/select2c539.css]
[dycusinsurance.com/service-center/request-policy-change/index.html]
[dycusinsurance.com/contact/refer-us/index.html]
[dycusinsurance.com/about-our-agency/index.html]
[dycusinsurance.com/service-center/policy-review/index.html]
[dycusinsurance.com/wp-content/cache/min/1/wp-content/themes/activeagency/css/iconsmindc539.css]
[dycusinsurance.com/about-our-agency/meet-our-team/index.html]
[dycusinsurance.com/about-our-agency/join-our-team/index.html]
[dycusinsurance.com/contact/review-us/index.html]
[dycusinsurance.com/about-our-agency/we-are-independent/index.html]
[dycusinsurance.com/wp-content/plugins/js_composer_salient/assets/lib/bower/animate-css/animate.min31dc.css]
[dycusinsurance.com/contact/fort-worth-tx-insurance/index.html]
[dycusinsurance.com/contact/index.html]
[dycusinsurance.com/web-accessibility/index.html]
[dycusinsurance.com/request-quote/index.html]
[dycusinsurance.com/wp-content/cache/min/1/wp-content/themes/activeagency/css/off-canvas/corec539.css]
[dycusinsurance.com/wp-content/cache/min/1/wp-content/themes/activeagency/css/off-canvas/simple-dropdownc539.css]
[dycusinsurance.com/privacy-policy/index.html]
[dycusinsurance.com/wp-content/cache/min/1/wp-content/themes/activeagency/js/elements/nectar-testimonial-slidera9db.js]
[dycusinsurance.com/wp-content/cache/min/1/wp-content/plugins/forge3-activeagency-features/src/js/forge3-activeagency-footer-scriptsa9db.js]
[dycusinsurance.com/wp-content/cache/min/1/wp-content/themes/activeagency/js/third-party/jquery.easinga9db.js]
[forge3.com/insurance-agency-websites/index.html]
[dycusinsurance.com/wp-content/cache/min/1/wp-content/themes/activeagency/js/third-party/jquery.mousewheela9db.js]
[dycusinsurance.com/wp-content/cache/min/1/wp-content/themes/activeagency/js/prioritya9db.js]
[dycusinsurance.com/wp-content/cache/min/1/wp-content/themes/activeagency/js/third-party/transita9db.js]
[dycusinsurance.com/wp-content/cache/min/1/wp-content/themes/activeagency/js/third-party/waypointsa9db.js]
[dycusinsurance.com/wp-content/themes/activeagency/js/third-party/imagesLoaded.mineda1.js]
[dycusinsurance.com/wp-content/cache/min/1/wp-content/themes/activeagency/js/third-party/hoverintenta9db.js]
[dycusinsurance.com/wp-content/cache/min/1/wp-content/themes/activeagency/js/third-party/superfisha9db.js]
[dycusinsurance.com/wp-content/cache/min/1/wp-content/themes/activeagency/js/inita9db.js]
[dycusinsurance.com/wp-content/plugins/salient-core/js/third-party/touchswipe.min5152.js]
[dycusinsurance.com/wp-includes/js/comment-reply.min6fb3.js]
[dycusinsurance.com/wp-includes/js/dist/vendor/regenerator-runtime.min3937.js]
[dycusinsurance.com/wp-includes/js/dist/vendor/wp-polyfill.min2c7c.js]
[dycusinsurance.com/wp-includes/js/dist/dom-ready.minded6.js]
[dycusinsurance.com/wp-includes/js/dist/hooks.min6c65.js]
[dycusinsurance.com/wp-includes/js/dist/i18n.mine57b.js]
[dycusinsurance.com/wp-includes/js/dist/a11y.min65c7.js]
[dycusinsurance.com/wp-content/plugins/gravityforms/assets/js/dist/vendor-theme.minb7e3.js]
[dycusinsurance.com/wp-content/plugins/gravityforms/assets/js/dist/scripts-theme.min8c39.js]
[dycusinsurance.com/wp-content/plugins/js_composer_salient/assets/js/dist/js_composer_front.min31dc.js]
[dycusinsurance.com/wp-content/themes/activeagency/js/third-party/select2.min49eb.js]
[dycusinsurance.com/wp-content/cache/min/1/wp-content/plugins/akismet/_inc/akismet-frontenda9db.js]
[dycusinsurance.com/wp-content/cache/min/1/wp-content/themes/activeagency/js/third-party/animea9db.js]
[dycusinsurance.com/wp-content/plugins/wp-rocket/assets/js/lazyload/17.8.3/lazyload.min.js]
[dycusinsurance.com/index.html]
[fonts.gstatic.com/s/lato/v24/S6u9w4BMUTPHh7USSwaPHA.ttf]
[fonts.gstatic.com/s/lato/v24/S6uyw4BMUTPHjxAwWw.ttf]
[fonts.gstatic.com/s/lato/v24/S6u9w4BMUTPHh6UVSwaPHA.ttf]
[fonts.gstatic.com/s/lato/v24/S6u9w4BMUTPHh50XSwaPHA.ttf]
[fonts.gstatic.com/s/opensans/v35/memSYaGs126MiZpBA-UvWbX2vVnXBbObj2OVZyOOSr4dVJWUgsiH0B4uaVc.ttf]
[fonts.gstatic.com/s/opensans/v35/memSYaGs126MiZpBA-UvWbX2vVnXBbObj2OVZyOOSr4dVJWUgsjZ0B4uaVc.ttf]
[fonts.gstatic.com/s/opensans/v35/memSYaGs126MiZpBA-UvWbX2vVnXBbObj2OVZyOOSr4dVJWUgsgH1x4uaVc.ttf]
[fonts.gstatic.com/s/opensans/v35/memSYaGs126MiZpBA-UvWbX2vVnXBbObj2OVZyOOSr4dVJWUgsg-1x4uaVc.ttf]
[fonts.googleapis.com/css8603.css]
[fonts.gstatic.com/s/spectral/v13/rnCs-xNNww_2s0amA9uCt23PafM.ttf]
[www.facebook.com/DycusInsurance/index.html]
[fonts.googleapis.com/index.html]
[b3209906.smushcdn.com/index.html]
[fonts.gstatic.com/index.html]
[dycusinsurance.com/wp-content/plugins/forge3-activeagency-features/iconset/font/active-agency3d9a.eot]
[dycusinsurance.com/wp-content/plugins/forge3-activeagency-features/iconset/font/active-agency3d9a.woff]
[dycusinsurance.com/wp-content/plugins/forge3-activeagency-features/iconset/font/active-agency3d9a.ttf]
[dycusinsurance.com/wp-content/plugins/forge3-activeagency-features/iconset/font/active-agency3d9a.svg]
[dycusinsurance.com/wp-content/cache/min/1/wp-content/plugins/forge3-activeagency-features/src/css/forge3-activeagency-stylesc539.css]
[dycusinsurance.com/wp-includes/css/dist/block-library/style.min6fb3.css]
[dycusinsurance.com/wp-includes/css/classic-themes.min68b3.css]
[dycusinsurance.com/wp-content/themes/activeagency/css/fonts/iconsmindc619.eot]
[dycusinsurance.com/wp-content/themes/activeagency/css/fonts/iconsmindc619.woff]
[dycusinsurance.com/wp-content/themes/activeagency/css/fonts/iconsmindd41d.eot]
[dycusinsurance.com/wp-content/themes/activeagency/css/fonts/iconsmind.63.delayed]
[dycusinsurance.com/wp-content/cache/min/1/wp-content/themes/activeagency/css/iconsmind-corec539.css]
[dycusinsurance.com/wp-content/cache/min/1/wp-includes/css/dashicons.minc539.css]
[dycusinsurance.com/wp-content/themes/activeagency/css/fonts/fontawesome-webfont3ea6.eot]
[dycusinsurance.com/wp-includes/fonts/dashicons7d4b.eot]
[dycusinsurance.com/wp-content/themes/activeagency/css/fonts/fontawesome-webfontd41d.eot]
[dycusinsurance.com/wp-content/themes/activeagency/css/fonts/fontawesome-webfont.svg]
[dycusinsurance.com/wp-content/themes/activeagency/css/fonts/fontawesome-webfont3ea6.ttf]
[dycusinsurance.com/wp-content/cache/min/1/wp-content/themes/activeagency/css/font-awesome-legacy.minc539.css]
[dycusinsurance.com/wp-content/themes/activeagency/style6fb3.css]
[dycusinsurance.com/wp-content/cache/min/1/wp-content/themes/activeagency/css/grid-systemc539.css]
[dycusinsurance.com/wp-content/themes/activeagency/img/icons/loading-white-bg.gif]
[dycusinsurance.com/wp-content/themes/activeagency/img/icons/quote.png]
[dycusinsurance.com/wp-content/themes/activeagency/img/icons/link.png]
[dycusinsurance.com/wp-content/themes/activeagency/img/icons/status.png]
[dycusinsurance.com/wp-content/themes/activeagency/img/icons/quote-2x.png]
[dycusinsurance.com/wp-content/themes/activeagency/img/icons/link-2x.png]
[dycusinsurance.com/wp-content/themes/activeagency/img/icons/portfolio-arrows.png]
[dycusinsurance.com/wp-content/themes/activeagency/img/icons/portfolio-arrows-2x.png]
[dycusinsurance.com/wp-content/themes/activeagency/img/icons/comment-children-line.jpg]
[dycusinsurance.com/wp-content/themes/activeagency/css/fonts/icomoonf9e3.eot]
[dycusinsurance.com/wp-content/themes/activeagency/css/fonts/icomoond41d.eot]
[dycusinsurance.com/wp-content/themes/activeagency/css/fonts/icomoonf9e3.woff]
[dycusinsurance.com/wp-content/themes/activeagency/css/fonts/icomoonf9e3.ttf]
[dycusinsurance.com/wp-content/themes/activeagency/css/fonts/icomoon.svg]
[dycusinsurance.com/wp-content/cache/min/1/wp-content/themes/activeagency/css/stylec539.css]
[dycusinsurance.com/wp-content/cache/min/1/wp-content/themes/activeagency/css/elements/element-fancy-boxc539.css]
[dycusinsurance.com/wp-content/cache/min/1/wp-content/themes/activeagency/css/elements/element-togglesc539.css]
[dycusinsurance.com/wp-content/cache/min/1/wp-content/themes/activeagency/css/elements/element-vc-separatorc539.css]
[dycusinsurance.com/wp-content/cache/min/1/wp-content/themes/activeagency/css/elements/element-vc-icon-elementc539.css]
[dycusinsurance.com/wp-content/cache/min/1/wp-content/themes/activeagency/css/elements/element-wpb-column-borderc539.css]
[dycusinsurance.com/wp-content/cache/min/1/wp-content/themes/activeagency/css/responsivec539.css]
[dycusinsurance.com/wp-content/cache/min/1/wp-content/themes/activeagency/css/skin-originalc539.css]
[dycusinsurance.com/wp-content/uploads/2021/11/Clickable-Coverage-Trucking-Scene-of-a-Highway-with-Trucks-and-Cars-Driving-Down-the-Road-and-an-Accident-on-the-Side-of-the-Road.jpg]
[dycusinsurance.com/wp-content/cache/min/1/wp-content/uploads/salient/menu-dynamicc539.css]
[dycusinsurance.com/wp-content/plugins/js_composer_salient/assets/fonts/vc_icons_v2/fonts/vcpb-plugin-iconsb82a.eot]
[dycusinsurance.com/wp-content/plugins/js_composer_salient/assets/fonts/vc_icons_v2/fonts/vcpb-plugin-iconsb82a.ttf]
[dycusinsurance.com/wp-content/plugins/js_composer_salient/assets/fonts/vc_icons_v2/fonts/vcpb-plugin-iconsb82a.woff]
[dycusinsurance.com/wp-content/plugins/js_composer_salient/assets/fonts/vc_icons_v2/fonts/vcpb-plugin-iconsb82a.svg]
[dycusinsurance.com/wp-content/plugins/js_composer_salient/assets/images/toggle_open.png]
[dycusinsurance.com/wp-content/plugins/js_composer_salient/assets/images/toggle_close.png]
[dycusinsurance.com/wp-content/plugins/js_composer_salient/assets/fonts/vc_grid/vc_grid_v157a1.eot]
[dycusinsurance.com/wp-content/plugins/js_composer_salient/assets/fonts/vc_grid/vc_grid_v1d41d.eot]
[dycusinsurance.com/wp-content/plugins/js_composer_salient/assets/fonts/vc_grid/vc_grid_v157a1.woff]
[dycusinsurance.com/wp-content/plugins/js_composer_salient/assets/fonts/vc_grid/vc_grid_v157a1.ttf]
[dycusinsurance.com/wp-content/plugins/js_composer_salient/assets/fonts/vc_grid/vc_grid_v157a1.svg]
[dycusinsurance.com/wp-content/plugins/js_composer_salient/assets/images/spinner.gif]
[dycusinsurance.com/wp-content/plugins/js_composer_salient/assets/vc/tick.png]
[dycusinsurance.com/wp-content/plugins/js_composer_salient/assets/vc/remove.png]
[dycusinsurance.com/wp-content/cache/min/1/wp-content/plugins/js_composer_salient/assets/css/js_composer.minc539.css]
[dycusinsurance.com/wp-content/cache/min/1/wp-content/themes/activeagency/css/salient-dynamic-stylesc539.css]
[dycusinsurance.com/wp-content/themes/activeagency-child/stylea73f.css]
[dycusinsurance.com/xmlrpc0db0.html]
[dycusinsurance.com/wp-content/uploads/2021/11/F3-Agency-Open-Graph.jpg]
[dycusinsurance.com/wp-content/cache/min/1/wp-content/themes/activeagency/css/singlea294.css]
[dycusinsurance.com/wp-content/cache/min/1/wp-content/themes/activeagency/css/elements/element-recent-postsa294.css]
[dycusinsurance.com/wp-json/oembed/1.0/embed44db.json]
[dycusinsurance.com/wp-json/oembed/1.0/embedb52e]
[dycusinsurance.com/power-panel/serving-all-50-states-and-dc/index.html]
[dycusinsurance.com/wp-json/oembed/1.0/embed6b43.json]
[dycusinsurance.com/wp-json/oembed/1.0/embed727d]
[dycusinsurance.com/power-panel/insurance-solutions/index.html]
[dycusinsurance.com/wp-json/oembed/1.0/embed0b78.json]
[dycusinsurance.com/wp-json/oembed/1.0/embed6361]
[dycusinsurance.com/power-panel/request-a-quote/index.html]
[b3209906.smushcdn.com/3209906/wp-content/uploads/2023/06/Insurance-Solutions-Close-up-of-a-Truck-Driver-Talking-to-Dispatch0af1.jpg]
[dycusinsurance.com/wp-json/wp/v2/pages/21051.json]
[dycusinsurance.com/wp-json/oembed/1.0/embed178d.json]
[dycusinsurance.com/wp-json/oembed/1.0/embedb984]
[dycusinsurance.com/insurance-solutions/index.html]
[b3209906.smushcdn.com/3209906/wp-content/uploads/2023/06/Business-Insurance-Friendly-Truck-Driver-Taking-a-Break-in-His-Truck0af1.jpg]
[dycusinsurance.com/wp-json/wp/v2/pages/85.json]
[dycusinsurance.com/wp-json/oembed/1.0/embed9c2f.json]
[dycusinsurance.com/wp-json/oembed/1.0/embedba5a]
[dycusinsurance.com/business-insurance/index.html]
[dycusinsurance.com/business-insurance/inland-marine-insurance/index.html]
[dycusinsurance.com/business-insurance/surety-bond/index.html]
[b3209906.smushcdn.com/3209906/wp-content/uploads/2021/10/Trucking-Insurance-View-from-the-Rear-of-the-Truck-Traveling-up-the-Road-to-Complete-a-Delivery-at-Dusk0af1.jpg]
[dycusinsurance.com/wp-json/wp/v2/pages/13251.json]
[dycusinsurance.com/wp-json/oembed/1.0/embeda98b.json]
[dycusinsurance.com/wp-json/oembed/1.0/embed07fe]
[dycusinsurance.com/business-insurance/trucking-insurance/index.html]
[b3209906.smushcdn.com/3209906/wp-content/uploads/2021/10/Transportation-Insurance-Caravan-or-Convoy-of-a-Fleet-of-Semi-Trucks-in-a-Line-Along-a-Country-Highway-on-Their-Way-to-Deliver-Goods-at-Dusk0af1.jpg]
[dycusinsurance.com/wp-content/cache/min/1/wp-content/themes/activeagency/css/elements/element-fancy-unordered-list499f.css]
[dycusinsurance.com/wp-json/wp/v2/pages/18833.json]
[dycusinsurance.com/wp-json/oembed/1.0/embeda332.json]
[dycusinsurance.com/wp-json/oembed/1.0/embed6182]
[dycusinsurance.com/business-insurance/transportation-insurance/index.html]
[dycusinsurance.com/wp-json/wp/v2/pages/13469.json]
[b3209906.smushcdn.com/3209906/wp-content/uploads/2021/10/Fleet-Insurance-Delivery-Service-of-White-Vans-and-Small-Trucks-Parked-in-a-Row-in-Front-of-Factory-Warehouse-Distribution-Plant-on-a-Sunny-Day.a30af1.dela]
[dycusinsurance.com/wp-json/oembed/1.0/embedba08.json]
[dycusinsurance.com/wp-json/oembed/1.0/embed7530]
[dycusinsurance.com/business-insurance/fleet-insurance/index.html]
[b3209906.smushcdn.com/3209906/wp-content/uploads/2021/09/Business-Auto-Insurance-Fleet-of-Cars-Sitting-in-the-Parking-Lot-with-the-Sun-Behind0af1.jpg]
[dycusinsurance.com/wp-json/wp/v2/pages/12839.json]
[dycusinsurance.com/wp-json/oembed/1.0/embed91c1.json]
[dycusinsurance.com/wp-json/oembed/1.0/embed2075]
[dycusinsurance.com/business-insurance/business-auto-insurance/index.html]
[dycusinsurance.com/wp-json/wp/v2/pages/12857.json]
[b3209906.smushcdn.com/3209906/wp-content/uploads/2021/10/General-Liability-Insurance-Manager-Leads-Personnel-Meeting-with-Business-Colleagues-and-Brainstorms-Together-in-a-Conference-Room-of-a-Modern-Office-with-]
[dycusinsurance.com/wp-json/oembed/1.0/embed3f3a.json]
[dycusinsurance.com/wp-json/oembed/1.0/embede134]
[dycusinsurance.com/business-insurance/general-liability-insurance/index.html]
[b3209906.smushcdn.com/3209906/wp-content/uploads/2023/06/Personal-Insurance-Happy-Couple-Relaxing-in-the-Back-of-a-Pickup-Truck0af1.jpg]
[dycusinsurance.com/wp-json/wp/v2/pages/81.json]
[dycusinsurance.com/wp-json/oembed/1.0/embed8894.json]
[dycusinsurance.com/wp-json/oembed/1.0/embedd96e]
[dycusinsurance.com/personal-insurance/index.html]
[dycusinsurance.com/personal-insurance/sr-22/index.html]
[b3209906.smushcdn.com/3209906/wp-content/uploads/2021/06/Auto-Insurance-Family-Driving-to-a-Vacation-Destination-with-Kids-in-the-Back-of-the-Car0af1.jpg]
[dycusinsurance.com/wp-json/wp/v2/pages/12760.json]
[dycusinsurance.com/wp-json/oembed/1.0/embed5e84.json]
[dycusinsurance.com/wp-json/oembed/1.0/embeddee2]
[dycusinsurance.com/personal-insurance/auto-insurance/index.html]
[b3209906.smushcdn.com/3209906/wp-content/uploads/2021/10/Individual-Retirement-Account-Senior-Couple-Laughing-and-Embracing-One-Another-While-Walking-along-the-Beach-at-Sunset0af1.jpg]
[dycusinsurance.com/wp-json/wp/v2/pages/13428.json]
[dycusinsurance.com/wp-json/oembed/1.0/embed60f7.json]
[dycusinsurance.com/wp-json/oembed/1.0/embed0449]
[dycusinsurance.com/personal-insurance/individual-retirement-account/index.html]
[b3209906.smushcdn.com/3209906/wp-content/uploads/2021/10/Motorcycle-Insurance-Motorcycle-Driver-Riding-Along-a-Scenic-Highway-at-Dusk-With-Mountains-in-the-Distance0af1.jpg]
[dycusinsurance.com/wp-json/wp/v2/pages/12784.json]
[dycusinsurance.com/wp-json/oembed/1.0/embed5cff.json]
[dycusinsurance.com/wp-json/oembed/1.0/embed5c7a]
[dycusinsurance.com/personal-insurance/motorcycle-insurance/index.html]
[b3209906.smushcdn.com/3209906/wp-content/uploads/2021/10/Individual-Life-Insurance-Young-Son-Kissing-His-Smiling-Mother-While-Being-Held-at-the-Beach-on-a-Cloudy-Day0af1.jpg]
[dycusinsurance.com/wp-json/wp/v2/pages/12796.json]
[dycusinsurance.com/wp-json/oembed/1.0/embedca2f.json]
[dycusinsurance.com/wp-json/oembed/1.0/embed3b1e]
[dycusinsurance.com/personal-insurance/individual-life-insurance/index.html]
[b3209906.smushcdn.com/3209906/wp-content/uploads/2022/04/Personal-Injury-Protection-PIP-Insurance-Young-Woman-Rubbing-Her-Neck-and-Feeling-Sore-After-Whiplash-in-a-Car-Crash0af1.jpg]
[dycusinsurance.com/wp-json/wp/v2/pages/25172.json]
[dycusinsurance.com/wp-json/oembed/1.0/embedbb83.json]
[dycusinsurance.com/wp-json/oembed/1.0/embedf47e]
[dycusinsurance.com/personal-insurance/personal-injury-protection-pip-insurance/index.html]
[dycusinsurance.com/wp-json/wp/v2/pages/21031.json]
[dycusinsurance.com/wp-json/oembed/1.0/embedca0f.json]
[dycusinsurance.com/wp-json/oembed/1.0/embed55e4]
[dycusinsurance.com/clickable-coverage/index.html]
[b3209906.smushcdn.com/3209906/wp-content/uploads/2023/06/Service-Center-Delivery-Guy-Checking-on-Tablet-About-a-Delivery0af1.jpg]
[dycusinsurance.com/wp-json/wp/v2/pages/190.json]
[dycusinsurance.com/wp-json/oembed/1.0/embed7ac2.json]
[dycusinsurance.com/wp-json/oembed/1.0/embed24da]
[dycusinsurance.com/service-center/index.html]
[b3209906.smushcdn.com/3209906/wp-content/uploads/2021/09/Report-a-Claim-Happy-Woman-Sitting-with-her-Tablet-to-Report-a-Claim-to-the-Insurance-Company0af1.jpg]
[dycusinsurance.com/wp-json/wp/v2/pages/217.json]
[dycusinsurance.com/wp-json/oembed/1.0/embedd81e.json]
[dycusinsurance.com/wp-json/oembed/1.0/embedd858]
[dycusinsurance.com/service-center/report-a-claim/index.html]
[b3209906.smushcdn.com/3209906/wp-content/uploads/2021/09/Request-Auto-ID-Card-Woman-in-Car-Driving-to-Work-with-the-Sun-on-the-Dashboard0af1.jpg]
[dycusinsurance.com/wp-json/wp/v2/pages/855.json]
[dycusinsurance.com/wp-json/oembed/1.0/embed8153.json]
[dycusinsurance.com/wp-json/oembed/1.0/embed1400]
[dycusinsurance.com/service-center/request-auto-id-card/index.html]
[b3209906.smushcdn.com/3209906/wp-content/uploads/2021/09/Request-Certificate-Woman-Working-from-her-Kitchen-Table-Gathering-Insurance-Documents0af1.jpg]
[dycusinsurance.com/wp-json/wp/v2/pages/219.json]
[dycusinsurance.com/wp-json/oembed/1.0/embeda233.json]
[dycusinsurance.com/wp-json/oembed/1.0/embedf927]
[dycusinsurance.com/service-center/request-certificate/index.html]
[b3209906.smushcdn.com/3209906/wp-content/uploads/2021/09/Policy-Review-Insurance-Agent-and-Family-Discussing-Insurance-Needs-During-a-Meeting0af1.jpg]
[dycusinsurance.com/wp-content/plugins/gravityforms/js/page_conditional_logic.min30ad.js]
[dycusinsurance.com/wp-content/plugins/gravityforms/js/conditional_logic.min30ad.js]
[dycusinsurance.com/wp-json/wp/v2/pages/223.json]
[dycusinsurance.com/wp-json/oembed/1.0/embed2481.json]
[dycusinsurance.com/wp-json/oembed/1.0/embed6117]
[dycusinsurance.com/service-center/policy-review/index.html]
[b3209906.smushcdn.com/3209906/wp-content/uploads/2021/09/Request-Policy-Change-Woman-Using-an-iPhone-to-Request-a-Policy-Change-on-Her-Insurance-Policy0af1.jpg]
[dycusinsurance.com/wp-json/wp/v2/pages/221.json]
[dycusinsurance.com/wp-json/oembed/1.0/embedcd68.json]
[dycusinsurance.com/wp-json/oembed/1.0/embedd01f]
[dycusinsurance.com/service-center/request-policy-change/index.html]
[b3209906.smushcdn.com/3209906/wp-content/uploads/2021/09/Refer-a-Friend-Two-Business-Women-in-an-Insurance-Meeting-Discussing-New-Business0af1.jpg]
[dycusinsurance.com/wp-json/wp/v2/pages/874.json]
[dycusinsurance.com/wp-json/oembed/1.0/embed0368.json]
[dycusinsurance.com/wp-json/oembed/1.0/embedbfd4]
[dycusinsurance.com/contact/refer-us/index.html]
[b3209906.smushcdn.com/3209906/wp-content/uploads/2023/06/About-Our-Agency-Large-Gray-Truck-Driving-Under-a-Bridge0af1.jpg]
[dycusinsurance.com/wp-content/cache/min/1/wp-content/themes/activeagency/css/elements/element-milestonec3dd.css]
[dycusinsurance.com/wp-json/wp/v2/pages/68.json]
[dycusinsurance.com/wp-json/oembed/1.0/embed268c.json]
[dycusinsurance.com/wp-json/oembed/1.0/embed21a2]
[dycusinsurance.com/about-our-agency/index.html]
[b3209906.smushcdn.com/3209906/wp-content/uploads/2021/09/Meet-Our-Team-Professional-and-Welcoming-Group-at-a-Conference-Table-Faces-the-Camera-Team-Leader-Sitting-on-the-Table-with-Arms-Folded0af1.jpg]
[dycusinsurance.com/wp-json/wp/v2/pages/132.json]
[dycusinsurance.com/wp-json/oembed/1.0/embed732d.json]
[dycusinsurance.com/wp-json/oembed/1.0/embedde92]
[dycusinsurance.com/about-our-agency/meet-our-team/index.html]
[dycusinsurance.com/about-our-agency/meet-our-team/team-member/gary-dycus/index.html]
[b3209906.smushcdn.com/3209906/wp-content/uploads/2021/09/We-Are-Independent-Businesswoman-Shakes-Hands-and-Greets-a-Client-in-a-Bustling-Modern-Office0af1.jpg]
[dycusinsurance.com/about-our-agency/meet-our-team/team-member/patricia-dycus/index.html]
[dycusinsurance.com/wp-json/wp/v2/pages/125.json]
[dycusinsurance.com/wp-json/oembed/1.0/embed1cc5.json]
[dycusinsurance.com/about-our-agency/meet-our-team/team-member/jeff-dycus/index.html]
[dycusinsurance.com/wp-json/oembed/1.0/embed7e23]
[dycusinsurance.com/about-our-agency/we-are-independent/index.html]
[b3209906.smushcdn.com/3209906/wp-content/uploads/2021/10/Join-Our-Team-Man-During-an-Interview-Getting-Up-to-Shake-the-Hand-of-Their-Future-Boss0af1.jpg]
[dycusinsurance.com/wp-includes/js/plupload/moxie.mine34c.js]
[dycusinsurance.com/wp-includes/js/plupload/plupload.min6c17.js]
[dycusinsurance.com/wp-json/wp/v2/pages/157.json]
[dycusinsurance.com/wp-json/oembed/1.0/embedf248.json]
[dycusinsurance.com/wp-json/oembed/1.0/embeda70c]
[dycusinsurance.com/about-our-agency/join-our-team/index.html]
[b3209906.smushcdn.com/3209906/wp-content/uploads/2021/09/Review-Our-Agency-Group-of-Business-People-Standing-in-the-Hallway-Chatting0af1.jpg]
[dycusinsurance.com/wp-json/wp/v2/pages/12977.json]
[dycusinsurance.com/wp-json/oembed/1.0/embedd041.json]
[dycusinsurance.com/wp-json/oembed/1.0/embeddabc]
[dycusinsurance.com/contact/review-us/index.html]
[b3209906.smushcdn.com/3209906/wp-content/uploads/2023/06/Contact-Aerial-View-of-Fort-Worth-on-a-Sunny-Day-With-Tall-Buildings0af1.jpg]
[dycusinsurance.com/wp-content/cache/min/1/wp-content/themes/activeagency/css/elements/element-interactive-mapaeb4.css]
[dycusinsurance.com/wp-json/wp/v2/pages/106.json]
[dycusinsurance.com/wp-json/oembed/1.0/embeda20d.json]
[dycusinsurance.com/wp-json/oembed/1.0/embed6608]
[dycusinsurance.com/wp-content/cache/min/1/wp-content/plugins/forge3-activeagency-features/google-maps/mapaeb4.js]
[dycusinsurance.com/contact/index.html]
[b3209906.smushcdn.com/3209906/wp-content/uploads/2023/06/Fort-Worth-TX-Aerial-View-of-Fort-Worth-TX-During-Sunset-With-a-Bridge-and-a-River-in-View0af1.jpg]
[dycusinsurance.com/wp-json/wp/v2/pages/14805.json]
[dycusinsurance.com/wp-json/oembed/1.0/embed6497.json]
[dycusinsurance.com/wp-json/oembed/1.0/embed7d98]
[dycusinsurance.com/contact/fort-worth-tx-insurance/index.html]
[b3209906.smushcdn.com/3209906/wp-content/uploads/2021/06/Request-Insurance-Quote-Business-People-Discussing-an-Insurance-Policy0af1.jpg]
[dycusinsurance.com/wp-json/wp/v2/pages/255.json]
[dycusinsurance.com/wp-json/oembed/1.0/embedc24a.json]
[dycusinsurance.com/wp-json/oembed/1.0/embeda602]
[dycusinsurance.com/request-quote/index.html]
[dycusinsurance.com/wp-json/wp/v2/pages/22345.json]
[dycusinsurance.com/wp-json/oembed/1.0/embeda5a7.json]
[dycusinsurance.com/wp-json/oembed/1.0/embedea86]
[dycusinsurance.com/web-accessibility/index.html]
[forge3.com/wp-content/plugins/forge3-activeagency-features/src/css/forge3-activeagency-stylesdc88.css]
[forge3.com/comments/feed/index.html]
[forge3.com/insurance-agency-websites/feed/index.html]
[forge3.com/feed/index.html]
[forge3.com/wp-includes/css/dist/block-library/style.min6fb3.css]
[forge3.com/wp-includes/css/classic-themes.min68b3.css]
[forge3.com/wp-content/themes/activeagency/css/iconsmind-core6fb3.css]
[forge3.com/wp-includes/css/dashicons.min6fb3.css]
[forge3.com/wp-content/themes/activeagency/css/font-awesome-legacy.min6996.css]
[forge3.com/wp-content/themes/activeagency/css/iconsmind586e.css]
[forge3.com/wp-content/themes/activeagency/style6fb3.css]
[forge3.com/wp-content/plugins/ht-knowledge-base/css/hkb-style6fb3.css]
[forge3.com/wp-content/themes/activeagency/css/grid-systema73f.css]
[forge3.com/wp-content/themes/activeagency/css/stylea73f.css]
[forge3.com/wp-content/themes/activeagency/css/fonts/OpenSans-Light.woff]
[forge3.com/wp-content/themes/activeagency/css/fonts/OpenSans-Regular.woff]
[forge3.com/wp-content/themes/activeagency/css/fonts/OpenSans-SemiBold.woff]
[forge3.com/wp-content/themes/activeagency/css/fonts/OpenSans-Bold.woff]
[forge3.com/wp-content/themes/activeagency/css/header/header-layout-centered-menua73f.css]
[forge3.com/wp-content/themes/activeagency/css/elements/element-testimoniala73f.css]
[forge3.com/wp-content/themes/activeagency/css/elements/element-fancy-boxa73f.css]
[forge3.com/wp-content/themes/activeagency/css/elements/element-animated-titlea73f.css]
[forge3.com/wp-content/themes/activeagency/css/elements/element-clientsa73f.css]
[forge3.com/wp-content/themes/activeagency/css/elements/element-fancy-unordered-lista73f.css]
[forge3.com/wp-content/themes/activeagency/css/elements/element-vc-separatora73f.css]
[forge3.com/wp-content/themes/activeagency/css/elements/element-vc-icon-elementa73f.css]
[forge3.com/wp-content/themes/activeagency/css/plugins/caroufredsela73f.css]
[forge3.com/wp-content/themes/activeagency/css/elements/element-wpb-column-bordera73f.css]
[forge3.com/wp-content/themes/activeagency/css/linecona73f.css]
[forge3.com/wp-content/themes/activeagency/css/responsivea73f.css]
[forge3.com/wp-content/themes/activeagency/css/skin-originala73f.css]
[forge3.com/wp-content/uploads/salient/menu-dynamic79cf.css]
[forge3.com/wp-content/plugins/js_composer_salient/assets/css/js_composer.min31dc.css]
[forge3.com/wp-content/themes/activeagency/css/salient-dynamic-styles91c6.css]
[forge3.com/wp-content/themes/activeagency-child/stylea73f.css]
[forge3.com/wp-content/uploads/omgf/redux-google-fonts-salient_redux/redux-google-fonts-salient_redux10b9.css]
[forge3.com/wp-includes/js/jquery/jquery.mina7a0.js]
[forge3.com/wp-includes/js/jquery/jquery-migrate.mind617.js]
[forge3.com/wp-content/plugins/forge3-activeagency-features/src/js/forge3-activeagency-header-scriptsdc88.js]
[forge3.com/wp-json/wp/v2/pages/17868.json]
[forge3.com/xmlrpc.1360db0.delayed]
[forge3.com/wp-json/index.html]
[forge3.com/wp-includes/wlwmanifest.xml]
[forge3.com/wp-json/oembed/1.0/embed79af.json]
[forge3.com/wp-json/oembed/1.0/embed81d9]
[www.googletagmanager.com/gtag/jsdaac]
[forge3.com/wp-content/plugins/forge3-activeagency-features/iconset/font/active-agency3d9a.woff2]
[forge3.com/wp-content/themes/activeagency/css/fonts/fontawesome-webfont3ea6.woff]
[forge3.com/wp-content/themes/activeagency/css/fonts/icomoon.woff]
[forge3.com/wp-content/themes/activeagency/css/fonts/iconsmindc619.ttf]
[forge3.com/wp-content/uploads/2020/07/Forge3-Logo-Tagline.svg]
[forge3.com/wp-content/uploads/2020/07/Forge3-Logo.svg]
[forge3.com/index.html]
[forge3.com/wp-content/uploads/2020/07/Forge3-Reputation-5-Star-Google-Rating-White.svg]
[forge3.com/pricing/index.html]
[forge3.com/the-f3x-difference/index.html]
[forge3.com/help-center/index.html]
[forge3.com/wp-content/uploads/2021/05/Forge3-Reputation-1000-Clients-White.svg]
[forge3.com/demo/index.html]
[forge3.com/the-f3x-difference/index7eaf.html]
[forge3.com/wp-content/uploads/2020/07/Forge3-Reputation-9.9-Post-Launch-Client-Rating-White.svg]
[forge3.com/wp-content/uploads/2020/09/ActiveAgency-Clickable-Coverage-Stats.svg]
[forge3.com/the-f3x-difference/index4f25.html]
[forge3.com/about/index.html]
[forge3.com/wp-content/uploads/2020/10/ActiveAgency-Video-Proposals-Close-Ratio-Increase-Stat.svg]
[forge3.com/wp-content/uploads/2022/05/Forge3-ActiveAgency-Dashboard.svg]
[forge3.com/wp-content/uploads/2022/05/Clickable-Coverage.svg]
[forge3.com/wp-content/uploads/2022/05/Video-Proposals.svg]
[forge3.com/wp-content/uploads/2022/05/Hello-Producer.svg]
[forge3.com/wp-content/uploads/2022/05/Power-Panels.svg]
[forge3.com/wp-content/uploads/2022/05/Notification-Bars.svg]
[forge3.com/wp-content/uploads/2022/05/Service-Center-Forms.svg]
[forge3.com/wp-content/uploads/2022/05/5-Star-Reviews.svg]
[forge3.com/wp-content/uploads/2022/05/Live-Chat.svg]
[forge3.com/wp-content/uploads/2022/05/Integrations.svg]
[forge3.com/wp-content/uploads/2022/05/Directory-Listings.svg]
[forge3.com/wp-content/uploads/2022/05/Red-Pages.svg]
[forge3.com/wp-content/uploads/2022/05/Red-Blog-Posts.svg]
[forge3.com/wp-content/uploads/2022/05/Red-Office-Locations.svg]
[forge3.com/wp-content/uploads/2022/05/Red-Team-Members.svg]
[forge3.com/wp-content/uploads/2022/05/Red-Carriers.svg]
[forge3.com/wp-content/uploads/2020/07/Forge3-Reputation-5-Star-Google-Rating.svg]
[forge3.com/wp-content/uploads/2021/05/Forge3-Reputation-1000-Clients.svg]
[forge3.com/wp-content/uploads/2020/07/Forge3-Reputation-9.9-Post-Launch-Client-Rating.svg]
[forge3.com/wp-content/uploads/2020/08/Forge3-Award-Great-Place-to-Work-Certified-Denim.svg]
[forge3.com/wp-content/uploads/2020/08/Forge3-Award-Fastest-Growing-Companies-Denim.svg]
[forge3.com/wp-content/uploads/2020/08/Forge3-Award-Ben-Franklin-Graduate-of-the-Year-Denim.svg]
[forge3.com/wp-content/uploads/2020/08/Forge3-Award-Lehigh-Valley-Business-of-the-Year-Denim.svg]
[forge3.com/wp-content/uploads/2020/08/Forge3-Award-Sassy-Massey-Blue-Butterfly-Denim.svg]
[forge3.com/download92bd.html]
[forge3.com/website-accessibility-statement/index.html]
[forge3.com/referral-program/index.html]
[forge3.com/blog/index.html]
[forge3.com/wp-content/themes/activeagency/css/plugins/flickitya73f.css]
[forge3.com/contact/index.html]
[forge3.com/faqs/index.html]
[forge3.com/payment-authorization/index.html]
[forge3.com/help-center/meet-the-client-experience-team/index.html]
[forge3.com/wp-content/plugins/js_composer_salient/assets/css/lib/vc-linecons/vc_linecons_icons.min31dc.css]
[forge3.com/wp-content/themes/activeagency/css/plugins/magnificdb31.css]
[forge3.com/privacy-policy/index.html]
[forge3.com/master-service-terms/index.html]
[forge3.com/blog/acquired-forge3-joins-agency-revolution/index.html]
[forge3.com/wp-content/themes/activeagency/css/off-canvas/corea73f.css]
[forge3.com/wp-content/themes/activeagency/css/off-canvas/fullscreen-legacya73f.css]
[forge3.com/wp-content/themes/activeagency/js/elements/nectar-testimonial-slidera73f.js]
[forge3.com/wp-content/plugins/forge3-activeagency-features/src/js/forge3-activeagency-footer-scriptsdc88.js]
[forge3.com/wp-content/themes/activeagency/js/third-party/jquery.easing4e44.js]
[forge3.com/wp-content/themes/activeagency/js/third-party/jquery.mousewheela9d5.js]
[forge3.com/wp-content/themes/activeagency/js/prioritya73f.js]
[forge3.com/wp-content/themes/activeagency/js/third-party/transite2dc.js]
[forge3.com/wp-content/themes/activeagency/js/third-party/waypoints05da.js]
[forge3.com/wp-content/plugins/salient-portfolio/js/third-party/imagesLoaded.mineda1.js]
[forge3.com/wp-content/themes/activeagency/js/third-party/hoverintent3aa8.js]
[forge3.com/wp-content/themes/activeagency/js/third-party/magnificf0a0.js]
[forge3.com/wp-content/plugins/salient-core/js/third-party/touchswipe.min5152.js]
[forge3.com/wp-content/plugins/salient-portfolio/js/third-party/caroufredsel.minf0a0.js]
[forge3.com/wp-content/themes/activeagency/js/third-party/superfish0322.js]
[forge3.com/wp-content/themes/activeagency/js/inita73f.js]
[forge3.com/wp-content/themes/activeagency/js/third-party/vivus.min37ad.js]
[forge3.com/wp-includes/js/comment-reply.min6fb3.js]
[forge3.com/wp-content/plugins/js_composer_salient/assets/js/dist/js_composer_front.min31dc.js]
[forge3.com/wp-content/themes/activeagency/js/third-party/flickity.mindc8c.js]
[forge3.com/wp-content/themes/activeagency/js/third-party/anime8686.js]
[forge3.com/insurance-agency-websites/index.html]
[dycusinsurance.com/wp-json/wp/v2/pages/2497.json]
[dycusinsurance.com/wp-json/oembed/1.0/embed9b79.json]
[dycusinsurance.com/wp-json/oembed/1.0/embedc161]
[dycusinsurance.com/privacy-policy/index.html]
[dycusinsurance.com/wp-content/cache/min/1/wp-content/themes/activeagency/css/elements/element-animated-titlec539.css]
[dycusinsurance.com/wp-content/themes/activeagency/css/images/select2-spinner.gif]
[dycusinsurance.com/wp-content/cache/min/1/wp-content/themes/activeagency/css/plugins/select2c539.css]
[dycusinsurance.com/wp-content/themes/activeagency/css/fonts/iconsmind218a.eot]
[dycusinsurance.com/wp-content/themes/activeagency/css/fonts/iconsmind218a.woff]
[dycusinsurance.com/wp-content/themes/activeagency/css/fonts/iconsmind218a.ttf]
[dycusinsurance.com/wp-content/themes/activeagency/css/fonts/iconsmind218a.svg]
[dycusinsurance.com/wp-content/cache/min/1/wp-content/themes/activeagency/css/iconsmindc539.css]
[dycusinsurance.com/wp-content/plugins/js_composer_salient/assets/lib/bower/animate-css/animate.min31dc.css]
[dycusinsurance.com/wp-content/cache/min/1/wp-content/themes/activeagency/css/off-canvas/corec539.css]
[dycusinsurance.com/wp-content/cache/min/1/wp-content/themes/activeagency/css/off-canvas/simple-dropdownc539.css]
[dycusinsurance.com/wp-content/plugins/forge3-activeagency-features/iconset/font/active-agency3d9a.svg]
[dycusinsurance.com/wp-content/themes/activeagency/css/fonts/iconsmind.html]
[dycusinsurance.com/wp-content/themes/activeagency/css/fonts/fontawesome-webfont.svg]
[dycusinsurance.com/wp-content/themes/activeagency/css/fonts/icomoon.svg]
[dycusinsurance.com/wp-content/plugins/js_composer_salient/assets/fonts/vc_icons_v2/fonts/vcpb-plugin-iconsb82a.svg]
[dycusinsurance.com/wp-content/plugins/js_composer_salient/assets/fonts/vc_grid/vc_grid_v157a1.svg]
[dycusinsurance.com/wp-content/cache/min/1/wp-content/themes/activeagency/css/singlea294.css]
[dycusinsurance.com/wp-content/cache/min/1/wp-content/themes/activeagency/css/elements/element-recent-postsa294.css]
[dycusinsurance.com/index815a.html]
[dycusinsurance.com/index733f.html]
[dycusinsurance.com/indexd250.html]
[dycusinsurance.com/index6761.html]
[dycusinsurance.com/index648c.html]
[b3209906.smushcdn.com/3209906/wp-content/uploads/2021/10/Inland-Marine-Insurance-White-Semi-truck-Transporting-Cargo-on-the-Highway-and-Delivering-Freight-across-Country-at-Sunset0af1.jpg]
[dycusinsurance.com/wp-json/wp/v2/pages/12859.json]
[dycusinsurance.com/wp-json/oembed/1.0/embed36e3.json]
[dycusinsurance.com/wp-json/oembed/1.0/embedf77c]
[dycusinsurance.com/business-insurance/inland-marine-insurance/index.html]
[b3209906.smushcdn.com/3209906/wp-content/uploads/2021/10/Surety-Bond-Smiling-Businessman-Examining-Documentation-over-the-Phone-and-Working-from-His-Home-Office-and-Using-a-Laptop0af1.jpg]
[dycusinsurance.com/wp-json/wp/v2/pages/13176.json]
[dycusinsurance.com/wp-json/oembed/1.0/embed0d2d.json]
[dycusinsurance.com/wp-json/oembed/1.0/embed2dfb]
[dycusinsurance.com/business-insurance/surety-bond/index.html]
[dycusinsurance.com/index5c19.html]
[dycusinsurance.com/wp-content/cache/min/1/wp-content/themes/activeagency/css/elements/element-fancy-unordered-list499f.css]
[dycusinsurance.com/index9443.html]
[dycusinsurance.com/indexfb90.html]
[dycusinsurance.com/index4d47.html]
[dycusinsurance.com/index72a6.html]
[dycusinsurance.com/index44d0.html]
[b3209906.smushcdn.com/3209906/wp-content/uploads/2021/10/SR-22-Close-up-of-a-Reckless-Driver-Texting-While-behind-the-Wheel-of-a-Moving-Vehicle0af1.jpg]
[dycusinsurance.com/wp-json/wp/v2/pages/18826.json]
[dycusinsurance.com/wp-json/oembed/1.0/embed31ab.json]
[dycusinsurance.com/wp-json/oembed/1.0/embed0b62]
[dycusinsurance.com/personal-insurance/sr-22/index.html]
[dycusinsurance.com/index6eff.html]
[dycusinsurance.com/index2d03.html]
[dycusinsurance.com/index7857.html]
[dycusinsurance.com/index68b5.html]
[dycusinsurance.com/index4aa3.html]
[dycusinsurance.com/index1ac8.html]
[dycusinsurance.com/index261b.html]
[dycusinsurance.com/indexc094.html]
[dycusinsurance.com/indexc3f0.html]
[dycusinsurance.com/index50f6.html]
[dycusinsurance.com/indexd027.html]
[dycusinsurance.com/indexd5db.html]
[dycusinsurance.com/index6144.html]
[dycusinsurance.com/wp-content/cache/min/1/wp-content/themes/activeagency/css/elements/element-milestonec3dd.css]
[dycusinsurance.com/index7ef4.html]
[dycusinsurance.com/index31a3.html]
[b3209906.smushcdn.com/3209906/wp-content/uploads/2021/09/Meet-Our-Team-Professional-and-Welcoming-Group-at-a-Conference-Table-Faces-the-Camera-Team-Leader-Sitting-on-the-Table-with-Arms-Folded6771.jpg]
[dycusinsurance.com/wp-json/wp/v2/pages/1578.json]
[dycusinsurance.com/wp-json/oembed/1.0/embed67d8.json]
[dycusinsurance.com/wp-json/oembed/1.0/embed8ef5]
[dycusinsurance.com/about-our-agency/meet-our-team/team-member/gary-dycus/index.html]
[dycusinsurance.com/wp-json/oembed/1.0/embeda90e.json]
[dycusinsurance.com/contact/review-us/index2f42.html]
[dycusinsurance.com/wp-json/oembed/1.0/embed1a77]
[dycusinsurance.com/about-our-agency/meet-our-team/team-member/patricia-dycus/index.html]
[dycusinsurance.com/contact/review-us/index71f1.html]
[dycusinsurance.com/wp-json/oembed/1.0/embedba8d.json]
[dycusinsurance.com/wp-json/oembed/1.0/embedb94c]
[dycusinsurance.com/about-our-agency/meet-our-team/team-member/jeff-dycus/index.html]
[dycusinsurance.com/index5070.html]
[dycusinsurance.com/index5791.html]
[dycusinsurance.com/index9d56.html]
[dycusinsurance.com/wp-content/themes/activeagency/img/icons/leaflet/marker-shadow.png]
[dycusinsurance.com/contact/review-us/index8dac.html]
[dycusinsurance.com/wp-content/cache/min/1/wp-content/themes/activeagency/css/elements/element-interactive-mapaeb4.css]
[dycusinsurance.com/index153d.html]
[dycusinsurance.com/index6e87.html]
[dycusinsurance.com/index0c93.html]
[dycusinsurance.com/indexae9a.html]
[forge3.com/wp-content/plugins/forge3-activeagency-features/iconset/font/active-agency3d9a.eot]
[dycusinsurance.com/contact/[aa-location-slug-1]/index.html]
[forge3.com/wp-content/plugins/forge3-activeagency-features/iconset/font/active-agency3d9a.woff]
[forge3.com/wp-content/plugins/forge3-activeagency-features/iconset/font/active-agency3d9a.ttf]
[forge3.com/wp-content/plugins/forge3-activeagency-features/iconset/font/active-agency3d9a.svg]
[forge3.com/wp-content/plugins/forge3-activeagency-features/src/css/forge3-activeagency-stylesdc88.css]
[forge3.com/wp-includes/css/dist/block-library/style.min6fb3.css]
[forge3.com/wp-includes/css/classic-themes.min68b3.css]
[forge3.com/wp-content/themes/activeagency/css/fonts/iconsmindc619.eot]
[forge3.com/wp-content/themes/activeagency/css/fonts/iconsmindd41d.eot]
[forge3.com/wp-content/themes/activeagency/css/fonts/iconsmindc619.woff]
[forge3.com/wp-content/themes/activeagency/css/fonts/iconsmind.svg]
[forge3.com/wp-content/themes/activeagency/css/iconsmind-core6fb3.css]
[forge3.com/wp-includes/fonts/dashicons7d4b.eot]
[forge3.com/wp-includes/fonts/dashicons7d4b.ttf]
[forge3.com/wp-includes/css/dashicons.min6fb3.css]
[forge3.com/wp-content/themes/activeagency/css/fonts/fontawesome-webfont3ea6.eot]
[forge3.com/wp-content/themes/activeagency/css/fonts/fontawesome-webfontd41d.eot]
[forge3.com/wp-content/themes/activeagency/css/fonts/fontawesome-webfont.svg]
[forge3.com/wp-content/themes/activeagency/css/fonts/fontawesome-webfont3ea6.ttf]
[forge3.com/wp-content/themes/activeagency/css/font-awesome-legacy.min6996.css]
[forge3.com/wp-content/themes/activeagency/css/fonts/iconsmind218a.eot]
[forge3.com/wp-content/themes/activeagency/css/fonts/iconsmind218a.ttf]
[forge3.com/wp-content/themes/activeagency/css/fonts/iconsmind218a.woff]
[forge3.com/wp-content/themes/activeagency/css/fonts/iconsmind218a.svg]
[forge3.com/wp-content/themes/activeagency/css/iconsmind586e.css]
[forge3.com/wp-content/themes/activeagency/style6fb3.css]
[forge3.com/wp-content/plugins/ht-knowledge-base/img/loader.svg]
[forge3.com/wp-content/plugins/ht-knowledge-base/css/hkb-style6fb3.css]
[forge3.com/wp-content/themes/activeagency/css/grid-systema73f.css]
[forge3.com/wp-content/themes/activeagency/img/icons/loading-white-bg.gif]
[forge3.com/wp-content/themes/activeagency/img/icons/quote.png]
[forge3.com/wp-content/themes/activeagency/img/icons/link.png]
[forge3.com/wp-content/themes/activeagency/img/icons/status.png]
[forge3.com/wp-content/themes/activeagency/img/icons/quote-2x.png]
[forge3.com/wp-content/themes/activeagency/img/icons/link-2x.png]
[forge3.com/wp-content/themes/activeagency/img/icons/portfolio-arrows.png]
[forge3.com/wp-content/themes/activeagency/img/icons/portfolio-arrows-2x.png]
[forge3.com/wp-content/themes/activeagency/img/icons/comment-children-line.jpg]
[forge3.com/wp-content/themes/activeagency/css/fonts/icomoonf9e3.eot]
[forge3.com/wp-content/themes/activeagency/css/fonts/icomoond41d.eot]
[forge3.com/wp-content/themes/activeagency/css/fonts/icomoonf9e3.woff]
[forge3.com/wp-content/themes/activeagency/css/fonts/icomoonf9e3.ttf]
[forge3.com/wp-content/themes/activeagency/css/fonts/icomoon.svg]
[forge3.com/wp-content/themes/activeagency/css/stylea73f.css]
[forge3.com/wp-content/themes/activeagency/css/header/header-layout-centered-menua73f.css]
[forge3.com/wp-content/themes/activeagency/css/elements/element-testimoniala73f.css]
[forge3.com/wp-content/themes/activeagency/css/elements/element-fancy-boxa73f.css]
[forge3.com/wp-content/themes/activeagency/css/elements/element-animated-titlea73f.css]
[forge3.com/wp-content/themes/activeagency/css/elements/element-clientsa73f.css]
[forge3.com/wp-content/themes/activeagency/css/elements/element-fancy-unordered-lista73f.css]
[forge3.com/wp-content/themes/activeagency/css/elements/element-vc-separatora73f.css]
[forge3.com/wp-content/themes/activeagency/css/elements/element-vc-icon-elementa73f.css]
[forge3.com/wp-content/themes/activeagency/css/plugins/caroufredsela73f.css]
[forge3.com/wp-content/themes/activeagency/css/elements/element-wpb-column-bordera73f.css]
[forge3.com/wp-content/themes/activeagency/css/fonts/linecons.eot]
[forge3.com/wp-content/themes/activeagency/css/fonts/lineconsd41d.eot]
[forge3.com/wp-content/themes/activeagency/css/fonts/linecons.ttf]
[forge3.com/wp-content/themes/activeagency/css/fonts/linecons.woff]
[forge3.com/wp-content/themes/activeagency/css/fonts/linecons.svg]
[forge3.com/wp-content/themes/activeagency/css/linecona73f.css]
[forge3.com/wp-content/themes/activeagency/css/responsivea73f.css]
[forge3.com/wp-content/themes/activeagency/css/skin-originala73f.css]
[forge3.com/wp-content/uploads/salient/menu-dynamic79cf.css]
[forge3.com/wp-content/plugins/js_composer_salient/assets/fonts/vc_icons_v2/fonts/vcpb-plugin-iconsb82a.eot]
[forge3.com/wp-content/plugins/js_composer_salient/assets/fonts/vc_icons_v2/fonts/vcpb-plugin-iconsb82a.ttf]
[forge3.com/wp-content/plugins/js_composer_salient/assets/fonts/vc_icons_v2/fonts/vcpb-plugin-iconsb82a.woff]
[forge3.com/wp-content/plugins/js_composer_salient/assets/fonts/vc_icons_v2/fonts/vcpb-plugin-iconsb82a.svg]
[forge3.com/wp-content/plugins/js_composer_salient/assets/images/toggle_open.png]
[forge3.com/wp-content/plugins/js_composer_salient/assets/images/toggle_close.png]
[forge3.com/wp-content/plugins/js_composer_salient/assets/fonts/vc_grid/vc_grid_v157a1.eot]
[forge3.com/wp-content/plugins/js_composer_salient/assets/fonts/vc_grid/vc_grid_v1d41d.eot]
[forge3.com/wp-content/plugins/js_composer_salient/assets/fonts/vc_grid/vc_grid_v157a1.woff]
[forge3.com/wp-content/plugins/js_composer_salient/assets/fonts/vc_grid/vc_grid_v157a1.ttf]
[forge3.com/wp-content/plugins/js_composer_salient/assets/fonts/vc_grid/vc_grid_v157a1.svg]
[forge3.com/wp-content/plugins/js_composer_salient/assets/images/spinner.gif]
[forge3.com/wp-content/plugins/js_composer_salient/assets/vc/tick.png]
[forge3.com/wp-content/plugins/js_composer_salient/assets/vc/remove.png]
[forge3.com/wp-content/plugins/js_composer_salient/assets/css/js_composer.min31dc.css]
[forge3.com/wp-content/themes/activeagency/css/salient-dynamic-styles91c6.css]
[forge3.com/wp-content/themes/activeagency-child/stylea73f.css]
[forge3.com/wp-content/uploads/omgf/redux-google-fonts-salient_redux/montserrat-normal-500.eot]
[forge3.com/wp-content/uploads/omgf/redux-google-fonts-salient_redux/montserrat-normal-500.woff2]
[forge3.com/wp-content/uploads/omgf/redux-google-fonts-salient_redux/montserrat-normal-500.woff]
[forge3.com/wp-content/uploads/omgf/redux-google-fonts-salient_redux/montserrat-normal-500.ttf]
[forge3.com/wp-content/uploads/omgf/redux-google-fonts-salient_redux/open sans-normal-300.eot]
[forge3.com/wp-content/uploads/omgf/redux-google-fonts-salient_redux/open sans-normal-300.woff2]
[forge3.com/wp-content/uploads/omgf/redux-google-fonts-salient_redux/open sans-normal-300.woff]
[forge3.com/wp-content/uploads/omgf/redux-google-fonts-salient_redux/open sans-normal-300.ttf]
[forge3.com/wp-content/uploads/omgf/redux-google-fonts-salient_redux/open sans-normal-400.eot]
[forge3.com/wp-content/uploads/omgf/redux-google-fonts-salient_redux/open sans-normal-400.woff2]
[forge3.com/wp-content/uploads/omgf/redux-google-fonts-salient_redux/open sans-normal-400.woff]
[forge3.com/wp-content/uploads/omgf/redux-google-fonts-salient_redux/open sans-normal-400.ttf]
[forge3.com/wp-content/uploads/omgf/redux-google-fonts-salient_redux/open sans-italic-400.eot]
[forge3.com/wp-content/uploads/omgf/redux-google-fonts-salient_redux/open sans-italic-400.woff2]
[forge3.com/wp-content/uploads/omgf/redux-google-fonts-salient_redux/open sans-italic-400.woff]
[forge3.com/wp-content/uploads/omgf/redux-google-fonts-salient_redux/open sans-italic-400.ttf]
[forge3.com/wp-content/uploads/omgf/redux-google-fonts-salient_redux/open sans-normal-600.eot]
[forge3.com/wp-content/uploads/omgf/redux-google-fonts-salient_redux/open sans-normal-600.woff2]
[forge3.com/wp-content/uploads/omgf/redux-google-fonts-salient_redux/open sans-normal-600.woff]
[forge3.com/wp-content/uploads/omgf/redux-google-fonts-salient_redux/open sans-normal-600.ttf]
[forge3.com/wp-content/uploads/omgf/redux-google-fonts-salient_redux/open sans-normal-700.eot]
[forge3.com/wp-content/uploads/omgf/redux-google-fonts-salient_redux/open sans-normal-700.woff2]
[forge3.com/wp-content/uploads/omgf/redux-google-fonts-salient_redux/open sans-normal-700.woff]
[forge3.com/wp-content/uploads/omgf/redux-google-fonts-salient_redux/open sans-normal-700.ttf]
[forge3.com/wp-content/uploads/omgf/redux-google-fonts-salient_redux/open sans-normal-800.eot]
[forge3.com/wp-content/uploads/omgf/redux-google-fonts-salient_redux/open sans-normal-800.woff2]
[forge3.com/wp-content/uploads/omgf/redux-google-fonts-salient_redux/open sans-normal-800.woff]
[forge3.com/wp-content/uploads/omgf/redux-google-fonts-salient_redux/open sans-normal-800.ttf]
[forge3.com/wp-content/uploads/omgf/redux-google-fonts-salient_redux/raleway-normal-100.eot]
[forge3.com/wp-content/uploads/omgf/redux-google-fonts-salient_redux/raleway-normal-100.woff2]
[forge3.com/wp-content/uploads/omgf/redux-google-fonts-salient_redux/raleway-normal-100.woff]
[forge3.com/wp-content/uploads/omgf/redux-google-fonts-salient_redux/raleway-normal-100.ttf]
[forge3.com/wp-content/uploads/omgf/redux-google-fonts-salient_redux/raleway-normal-200.eot]
[forge3.com/wp-content/uploads/omgf/redux-google-fonts-salient_redux/raleway-normal-200.woff2]
[forge3.com/wp-content/uploads/omgf/redux-google-fonts-salient_redux/raleway-normal-200.woff]
[forge3.com/wp-content/uploads/omgf/redux-google-fonts-salient_redux/raleway-normal-200.ttf]
[forge3.com/wp-content/uploads/omgf/redux-google-fonts-salient_redux/raleway-normal-300.eot]
[forge3.com/wp-content/uploads/omgf/redux-google-fonts-salient_redux/raleway-normal-300.woff2]
[forge3.com/wp-content/uploads/omgf/redux-google-fonts-salient_redux/raleway-normal-300.woff]
[forge3.com/wp-content/uploads/omgf/redux-google-fonts-salient_redux/raleway-normal-300.ttf]
[forge3.com/wp-content/uploads/omgf/redux-google-fonts-salient_redux/raleway-normal-400.eot]
[forge3.com/wp-content/uploads/omgf/redux-google-fonts-salient_redux/raleway-normal-400.woff2]
[forge3.com/wp-content/uploads/omgf/redux-google-fonts-salient_redux/raleway-normal-400.woff]
[forge3.com/wp-content/uploads/omgf/redux-google-fonts-salient_redux/raleway-normal-400.ttf]
[forge3.com/wp-content/uploads/omgf/redux-google-fonts-salient_redux/raleway-normal-500.eot]
[forge3.com/wp-content/uploads/omgf/redux-google-fonts-salient_redux/raleway-normal-500.woff2]
[forge3.com/wp-content/uploads/omgf/redux-google-fonts-salient_redux/raleway-normal-500.woff]
[forge3.com/wp-content/uploads/omgf/redux-google-fonts-salient_redux/raleway-normal-500.ttf]
[forge3.com/wp-content/uploads/omgf/redux-google-fonts-salient_redux/raleway-normal-600.eot]
[forge3.com/wp-content/uploads/omgf/redux-google-fonts-salient_redux/raleway-normal-600.woff2]
[forge3.com/wp-content/uploads/omgf/redux-google-fonts-salient_redux/raleway-normal-600.woff]
[forge3.com/wp-content/uploads/omgf/redux-google-fonts-salient_redux/raleway-normal-600.ttf]
[forge3.com/wp-content/uploads/omgf/redux-google-fonts-salient_redux/raleway-normal-700.eot]
[forge3.com/wp-content/uploads/omgf/redux-google-fonts-salient_redux/raleway-normal-700.woff2]
[forge3.com/wp-content/uploads/omgf/redux-google-fonts-salient_redux/raleway-normal-700.woff]
[forge3.com/wp-content/uploads/omgf/redux-google-fonts-salient_redux/raleway-normal-700.ttf]
[forge3.com/wp-content/uploads/omgf/redux-google-fonts-salient_redux/raleway-normal-800.eot]
[forge3.com/wp-content/uploads/omgf/redux-google-fonts-salient_redux/raleway-normal-800.woff2]
[forge3.com/wp-content/uploads/omgf/redux-google-fonts-salient_redux/raleway-normal-800.woff]
[forge3.com/wp-content/uploads/omgf/redux-google-fonts-salient_redux/raleway-normal-800.ttf]
[forge3.com/wp-content/uploads/omgf/redux-google-fonts-salient_redux/raleway-normal-900.eot]
[forge3.com/wp-content/uploads/omgf/redux-google-fonts-salient_redux/raleway-normal-900.woff2]
[forge3.com/wp-content/uploads/omgf/redux-google-fonts-salient_redux/raleway-normal-900.woff]
[forge3.com/wp-content/uploads/omgf/redux-google-fonts-salient_redux/raleway-normal-900.ttf]
[forge3.com/wp-content/uploads/omgf/redux-google-fonts-salient_redux/raleway-italic-100.eot]
[forge3.com/wp-content/uploads/omgf/redux-google-fonts-salient_redux/raleway-italic-100.woff2]
[forge3.com/wp-content/uploads/omgf/redux-google-fonts-salient_redux/raleway-italic-100.woff]
[forge3.com/wp-content/uploads/omgf/redux-google-fonts-salient_redux/raleway-italic-100.ttf]
[forge3.com/wp-content/uploads/omgf/redux-google-fonts-salient_redux/raleway-italic-200.eot]
[forge3.com/wp-content/uploads/omgf/redux-google-fonts-salient_redux/raleway-italic-200.woff2]
[forge3.com/wp-content/uploads/omgf/redux-google-fonts-salient_redux/raleway-italic-200.woff]
[forge3.com/wp-content/uploads/omgf/redux-google-fonts-salient_redux/raleway-italic-200.ttf]
[forge3.com/wp-content/uploads/omgf/redux-google-fonts-salient_redux/raleway-italic-300.eot]
[forge3.com/wp-content/uploads/omgf/redux-google-fonts-salient_redux/raleway-italic-300.woff2]
[forge3.com/wp-content/uploads/omgf/redux-google-fonts-salient_redux/raleway-italic-300.woff]
[forge3.com/wp-content/uploads/omgf/redux-google-fonts-salient_redux/raleway-italic-300.ttf]
[forge3.com/wp-content/uploads/omgf/redux-google-fonts-salient_redux/raleway-italic-400.eot]
[forge3.com/wp-content/uploads/omgf/redux-google-fonts-salient_redux/raleway-italic-400.woff2]
[forge3.com/wp-content/uploads/omgf/redux-google-fonts-salient_redux/raleway-italic-400.woff]
[forge3.com/wp-content/uploads/omgf/redux-google-fonts-salient_redux/raleway-italic-400.ttf]
[forge3.com/wp-content/uploads/omgf/redux-google-fonts-salient_redux/raleway-italic-500.eot]
[forge3.com/wp-content/uploads/omgf/redux-google-fonts-salient_redux/raleway-italic-500.woff2]
[forge3.com/wp-content/uploads/omgf/redux-google-fonts-salient_redux/raleway-italic-500.woff]
[forge3.com/wp-content/uploads/omgf/redux-google-fonts-salient_redux/raleway-italic-500.ttf]
[forge3.com/wp-content/uploads/omgf/redux-google-fonts-salient_redux/raleway-italic-600.eot]
[forge3.com/wp-content/uploads/omgf/redux-google-fonts-salient_redux/raleway-italic-600.woff2]
[forge3.com/wp-content/uploads/omgf/redux-google-fonts-salient_redux/raleway-italic-600.woff]
[forge3.com/wp-content/uploads/omgf/redux-google-fonts-salient_redux/raleway-italic-600.ttf]
[forge3.com/wp-content/uploads/omgf/redux-google-fonts-salient_redux/raleway-italic-700.eot]
[forge3.com/wp-content/uploads/omgf/redux-google-fonts-salient_redux/raleway-italic-700.woff2]
[forge3.com/wp-content/uploads/omgf/redux-google-fonts-salient_redux/raleway-italic-700.woff]
[forge3.com/wp-content/uploads/omgf/redux-google-fonts-salient_redux/raleway-italic-700.ttf]
[forge3.com/wp-content/uploads/omgf/redux-google-fonts-salient_redux/raleway-italic-800.eot]
[forge3.com/wp-content/uploads/omgf/redux-google-fonts-salient_redux/raleway-italic-800.woff2]
[forge3.com/wp-content/uploads/omgf/redux-google-fonts-salient_redux/raleway-italic-800.woff]
[forge3.com/wp-content/uploads/omgf/redux-google-fonts-salient_redux/raleway-italic-800.ttf]
[forge3.com/wp-content/uploads/omgf/redux-google-fonts-salient_redux/raleway-italic-900.eot]
[forge3.com/wp-content/uploads/omgf/redux-google-fonts-salient_redux/raleway-italic-900.woff2]
[forge3.com/wp-content/uploads/omgf/redux-google-fonts-salient_redux/raleway-italic-900.woff]
[forge3.com/wp-content/uploads/omgf/redux-google-fonts-salient_redux/raleway-italic-900.ttf]
[forge3.com/wp-content/uploads/omgf/redux-google-fonts-salient_redux/redux-google-fonts-salient_redux10b9.css]
[forge3.com/xmlrpc0db0.html]
[forge3.com/indexe00f.html]
[forge3.com/wp-content/themes/activeagency/css/salient-dynamic-styles7bb6.css]
[forge3.com/wp-json/wp/v2/pages/13693.json]
[forge3.com/wp-json/oembed/1.0/embedc389.json]
[forge3.com/home-jt/feed/index.html]
[forge3.com/wp-json/oembed/1.0/embed37f0]
[forge3.com/index.html]
[forge3.com/wp-content/uploads/2020/07/Forge3-Logo-Tagline.svg]
[forge3.com/wp-content/uploads/2020/07/Forge3-Logo.svg]
[forge3.com/wp-content/themes/activeagency/css/elements/element-icon-with-texta73f.css]
[forge3.com/wp-content/themes/activeagency/css/salient-dynamic-styles5ca5.css]
[forge3.com/pricing/feed/index.html]
[forge3.com/wp-json/wp/v2/pages/17970.json]
[forge3.com/wp-json/oembed/1.0/embeda1e4.json]
[forge3.com/wp-json/oembed/1.0/embedc609]
[forge3.com/pricing/index.html]
[forge3.com/wp-content/themes/activeagency/css/elements/element-tabbed-sectiona73f.css]
[forge3.com/the-f3x-difference/feed/index.html]
[forge3.com/wp-content/themes/activeagency/css/salient-dynamic-styles444a.css]
[forge3.com/wp-json/wp/v2/pages/18104.json]
[forge3.com/wp-json/oembed/1.0/embed3dca.json]
[forge3.com/wp-json/oembed/1.0/embed81e0]
[forge3.com/the-f3x-difference/index.html]
[forge3.com/wp-content/themes/activeagency/css/salient-dynamic-stylesb87d.css]
[forge3.com/help-center/feed/index.html]
[forge3.com/wp-json/wp/v2/pages/24013.json]
[forge3.com/wp-json/oembed/1.0/embed56f0.json]
[forge3.com/wp-json/oembed/1.0/embed329e]
[forge3.com/wp-content/plugins/ht-knowledge-base/dist/ht-kb-frontend.min7caa.js]
[forge3.com/help-center/index.html]
[forge3.com/help-center-category/activeagency-features/index.html]
[forge3.com/help-center/what-to-expect-after-you-sign-up-for-activeagency/index.html]
[forge3.com/help-center-category/pages-and-content/index.html]
[forge3.com/wp-content/themes/activeagency/css/salient-dynamic-styles314a.css]
[forge3.com/help-center-category/plugins-and-integrations/index.html]
[forge3.com/help-center-category/design-and-layout/index.html]
[forge3.com/wp-json/wp/v2/pages/18218.json]
[forge3.com/help-center-category/upcoming-webinars/index.html]
[forge3.com/help-center-category/account-and-billing/index.html]
[forge3.com/help-center-category/apps-and-tools/index.html]
[forge3.com/help-center/how-to-use-the-video-library/index.html]
[forge3.com/wp-json/oembed/1.0/embedad6f.json]
[forge3.com/help-center/website-speed-reports-for-insurance-agency-websites/index.html]
[forge3.com/help-center/ada-compliance-for-insurance-agency-websites/index.html]
[forge3.com/help-center/blogging-for-insurance-agencies/index.html]
[forge3.com/wp-json/oembed/1.0/embed803f]
[forge3.com/help-center/social-media-for-insurance-agencies/index.html]
[forge3.com/help-center/seo-for-insurance-agency-websites/index.html]
[forge3.com/wp-content/uploads/2020/08/Forge3-Award-Great-Place-to-Work-Certified.svg]
[forge3.com/help-center/how-insurance-producers-use-linkedin-to-sell/index.html]
[forge3.com/help-center/how-to-write-an-about-page-for-your-insurance-agency-website/index.html]
[forge3.com/help-center/absolutely-impressive-apps-for-insurance-agencies/index.html]
[forge3.com/wp-content/uploads/2020/08/Forge3-Award-Fastest-Growing-Companies.svg]
[forge3.com/help-center/8-must-have-features-for-insurance-agency-websites/index.html]
[forge3.com/wp-content/uploads/2020/08/Forge3-Award-Ben-Franklin-Graduate-of-the-Year.svg]
[forge3.com/help-center/how-to-write-team-member-bios-for-insurance-agency-websites/index.html]
[forge3.com/help-center/how-to-use-power-panels/index.html]
[forge3.com/help-center/how-to-use-hello-producer/index.html]
[forge3.com/help-center/how-to-use-notification-bars/index.html]
[forge3.com/wp-content/uploads/2020/08/Forge3-Award-Lehigh-Valley-Business-of-the-Year.svg]
[forge3.com/help-center/how-to-use-your-client-service-center/index.html]
[forge3.com/help-center/how-to-get-5-star-reviews/index.html]
[forge3.com/help-center/how-to-use-live-chat/index.html]
[forge3.com/help-center/activeagency-website-refresh/index.html]
[forge3.com/help-center/how-insurance-agencies-use-texting/index.html]
[forge3.com/help-center/how-to-set-up-google-analytics/index.html]
[forge3.com/help-center/how-to-use-video-proposals/index.html]
[forge3.com/wp-content/uploads/2020/08/Forge3-Award-Sassy-Massey-Blue-Butterfly.svg]
[forge3.com/help-center/working-remotely-how-to-make-it-work-live-panel-discussion/index.html]
[forge3.com/help-center/remote-work-hiring-culture-and-tools-with-jeff-and-monika/index.html]
[forge3.com/help-center/setting-up-google-my-business-for-your-insurance-agency/index.html]
[forge3.com/help-center/impress-prospects-and-clients-with-handwritten-cards-for-insurance-agencies/index.html]
[forge3.com/wp-content/uploads/2020/08/Forge3-Growth-Chart.svg]
[forge3.com/wp-content/uploads/2020/08/Forge3-Team-Words.svg]
[forge3.com/about/feed/index.html]
[forge3.com/about/index.html]
[forge3.com/about/devon-beck/index.html]
[forge3.com/about/liz-allebach/index.html]
[forge3.com/about/monika-baraket/index.html]
[forge3.com/about/rose-hayes/index.html]
[forge3.com/about/ian-zeiders/index.html]
[forge3.com/wp-content/themes/activeagency/css/salient-dynamic-stylese561.css]
[forge3.com/about/steph-brace/index.html]
[forge3.com/about/joleen-fetter/index.html]
[forge3.com/about/bethany-jorgensen/index.html]
[forge3.com/wp-content/plugins/gravityforms/js/jquery.json.min5502.js]
[forge3.com/about/ewa-henderson/index.html]
[forge3.com/about/justine-sorrentino/index.html]
[forge3.com/about/kassie-rainford/index.html]
[forge3.com/about/kayla-mjaatvedt/index.html]
[forge3.com/wp-content/plugins/gravityforms/js/gravityforms.min5502.js]
[forge3.com/about/keira-lenig/index.html]
[forge3.com/about/olivia-wade/index.html]
[forge3.com/about/michelle-longo/index.html]
[forge3.com/about/joseph-ernst/index.html]
[forge3.com/wp-content/plugins/gravityforms/assets/js/dist/utils.min1f52.js]
[forge3.com/about/mark-lindheimer/index.html]
[forge3.com/about/talitha-harry/index.html]
[forge3.com/about/melissa-marzan/index.html]
[forge3.com/about/eric-martinez/index.html]
[forge3.com/wp-content/themes/activeagency-child/js/questionnaire-scroll-to-top0db1.js]
[forge3.com/demo/feed/index.html]
[forge3.com/wp-json/wp/v2/pages/27035.json]
[forge3.com/wp-json/oembed/1.0/embed6b9b.json]
[forge3.com/wp-json/oembed/1.0/embed8fb1]
[forge3.com/wp-includes/js/dist/vendor/regenerator-runtime.min3937.js]
[forge3.com/wp-includes/js/dist/vendor/wp-polyfill.min2c7c.js]
[forge3.com/wp-includes/js/dist/dom-ready.minded6.js]
[forge3.com/wp-includes/js/dist/hooks.min6c65.js]
[forge3.com/wp-includes/js/dist/i18n.mine57b.js]
[forge3.com/wp-includes/js/dist/a11y.min65c7.js]
[forge3.com/wp-content/plugins/gravityforms/assets/js/dist/vendor-theme.minb7e3.js]
[forge3.com/wp-content/plugins/gravityforms/assets/js/dist/scripts-theme.min5eab.js]
[forge3.com/wp-content/plugins/akismet/_inc/akismet-frontend5ccd.js]
[forge3.com/demo/index.html]
[forge3.com/wp-content/uploads/2020/10/F3-Favicon.png]
[forge3.com/wp-content/uploads/2021/05/Open-Graph-The-F3X-Difference.png]
[forge3.com/wp-content/themes/activeagency/css/salient-dynamic-stylesd43e.css]
[forge3.com/the-f3x-difference/index7eaf.html]
[forge3.com/wp-content/uploads/2020/07/Forge3-Reputation-5-Star-Google-Rating-White.svg]
[forge3.com/wp-content/themes/activeagency/css/salient-dynamic-stylesebd1.css]
[forge3.com/the-f3x-difference/index4f25.html]
[forge3.com/wp-content/uploads/2021/05/Forge3-Reputation-1000-Clients-White.svg]
[forge3.com/wp-content/uploads/2020/07/Forge3-Reputation-9.9-Post-Launch-Client-Rating-White.svg]
[forge3.com/wp-content/uploads/2020/09/ActiveAgency-Clickable-Coverage-Stats.svg]
[forge3.com/wp-content/uploads/2020/10/ActiveAgency-Video-Proposals-Close-Ratio-Increase-Stat.svg]
[forge3.com/wp-content/uploads/2022/05/Forge3-ActiveAgency-Dashboard.svg]
[forge3.com/wp-content/uploads/2022/05/Clickable-Coverage.svg]
[forge3.com/wp-content/uploads/2022/05/Video-Proposals.svg]
[forge3.com/wp-content/uploads/2022/05/Hello-Producer.svg]
[forge3.com/wp-content/uploads/2022/05/Power-Panels.svg]
[forge3.com/wp-content/uploads/2022/05/Notification-Bars.svg]
[forge3.com/wp-content/uploads/2022/05/Service-Center-Forms.svg]
[forge3.com/wp-content/uploads/2022/05/5-Star-Reviews.svg]
[forge3.com/wp-content/uploads/2022/05/Live-Chat.svg]
[forge3.com/wp-content/uploads/2022/05/Integrations.svg]
[forge3.com/wp-content/uploads/2022/05/Directory-Listings.svg]
[forge3.com/wp-content/uploads/2022/05/Red-Pages.svg]
[forge3.com/wp-content/uploads/2022/05/Red-Blog-Posts.svg]
[forge3.com/wp-content/uploads/2022/05/Red-Office-Locations.svg]
[forge3.com/wp-content/uploads/2022/05/Red-Team-Members.svg]
[forge3.com/wp-content/uploads/2022/05/Red-Carriers.svg]
[forge3.com/wp-content/uploads/2020/07/Forge3-Reputation-5-Star-Google-Rating.svg]
[forge3.com/wp-content/uploads/2021/05/Forge3-Reputation-1000-Clients.svg]
[forge3.com/wp-content/uploads/2020/07/Forge3-Reputation-9.9-Post-Launch-Client-Rating.svg]
[forge3.com/wp-content/uploads/2020/08/Forge3-Award-Great-Place-to-Work-Certified-Denim.svg]
[forge3.com/wp-content/uploads/2020/08/Forge3-Award-Fastest-Growing-Companies-Denim.svg]
[forge3.com/wp-content/uploads/2020/08/Forge3-Award-Ben-Franklin-Graduate-of-the-Year-Denim.svg]
[forge3.com/wp-content/uploads/2020/08/Forge3-Award-Lehigh-Valley-Business-of-the-Year-Denim.svg]
[forge3.com/wp-content/uploads/2020/08/Forge3-Award-Sassy-Massey-Blue-Butterfly-Denim.svg]
[forge3.com/wp-content/themes/activeagency/css/salient-dynamic-styles695f.css]
[forge3.com/wp-json/wp/v2/pages/21281.json]
[forge3.com/wp-json/oembed/1.0/embedb5a5.json]
[forge3.com/website-accessibility-statement/feed/index.html]
[forge3.com/wp-json/oembed/1.0/embed156a]
[forge3.com/website-accessibility-statement/index.html]
[forge3.com/wp-content/themes/activeagency/css/salient-dynamic-styles1667.css]
[forge3.com/wp-json/wp/v2/pages/8.json]
[forge3.com/blog/feed/index.html]
[forge3.com/wp-json/oembed/1.0/embed6bec.json]
[forge3.com/wp-json/oembed/1.0/embed61cc]
[forge3.com/wp-content/themes/activeagency/js/third-party/infinitescroll4963.js]
[forge3.com/wp-content/plugins/js_composer_salient/assets/lib/flexslider/jquery.flexslider.min31dc.js]
[forge3.com/wp-content/plugins/salient-portfolio/js/third-party/isotope.mine87d.js]
[forge3.com/blog/category/inside-forge3/index.html]
[forge3.com/blog/inside-forge3-quarterly-meeting-and-top-golf/index.html]
[forge3.com/blog/activeagency-dashboard-is-here/index.html]
[forge3.com/wp-content/themes/activeagency/js/elements/nectar-bloga73f.js]
[forge3.com/blog/index.html]
[forge3.com/blog/inside-forge3-promotions-and-team-updates/index.html]
[forge3.com/blog/inside-forge3-milestone-trip-to-captiva-fl/index.html]
[forge3.com/blog/inside-forge3-best-things-of-2021/index.html]
[forge3.com/blog/category/video-tips/index.html]
[forge3.com/blog/inside-forge3-annual-meeting-and-big-day-out/index.html]
[forge3.com/blog/video-tip-notification-bars/index.html]
[forge3.com/wp-content/themes/activeagency/css/salient-dynamic-styles43cb.css]
[forge3.com/blog/announcing-activeagency-magenta/index.html]
[forge3.com/blog/video-tip-how-designers-choose-photos/index.html]
[forge3.com/blog/video-tip-how-to-get-5-star-reviews/index.html]
[forge3.com/blog/video-tip-how-to-use-hello-producer/index.html]
[forge3.com/blog/video-tip-effective-use-of-power-panels/index.html]
[forge3.com/wp-json/wp/v2/pages/26202.json]
[forge3.com/blog/video-tip-using-the-join-our-team-page/index.html]
[forge3.com/blog/video-tip-locating-form-entries/index.html]
[forge3.com/blog/page/2/index.html]
[forge3.com/blog/page/3/index.html]
[forge3.com/wp-json/oembed/1.0/embed0b7c.json]
[forge3.com/wp-json/oembed/1.0/embedc606]
[forge3.com/referral-program/feed/index.html]
[forge3.com/referral-program/index.html]
[forge3.com/blog/page/7/index.html]
[forge3.com/wp-content/themes/activeagency/css/elements/element-interactive-mapa73f.css]
[forge3.com/wp-content/themes/activeagency/css/salient-dynamic-styles0ba1.css]
[forge3.com/contact/feed/index.html]
[forge3.com/wp-json/wp/v2/pages/19184.json]
[forge3.com/wp-json/oembed/1.0/embed6a4d.json]
[forge3.com/wp-json/oembed/1.0/embeda030]
[forge3.com/wp-content/plugins/gravityforms/js/placeholders.jquery.min5502.js]
[forge3.com/wp-content/plugins/forge3-activeagency-features/google-maps/mapdc88.js]
[forge3.com/contact/index.html]
[forge3.com/wp-content/themes/activeagency/css/salient-dynamic-styles13df.css]
[forge3.com/wp-json/wp/v2/ht-kb/28755.json]
[forge3.com/wp-json/oembed/1.0/embede6db.json]
[forge3.com/wp-json/oembed/1.0/embedb3f9]
[forge3.com/wp-content/themes/activeagency/js/third-party/stickkit5152.js]
[forge3.com/help-center/meet-the-client-experience-team/index.html]
[forge3.com/wp-content/themes/activeagency/css/salient-dynamic-styles8b71.css]
[forge3.com/help-center/updating-website-forms-on-your-activeagency-website/index.html]
[forge3.com/the-f3x-difference/index7549.html]
[forge3.com/payment-authorization/feed/index.html]
[forge3.com/wp-json/wp/v2/pages/18615.json]
[forge3.com/wp-json/oembed/1.0/embed45ca.json]
[forge3.com/wp-json/oembed/1.0/embed2eb5]
[forge3.com/payment-authorization/index.html]
[forge3.com/wp-content/themes/activeagency/css/salient-dynamic-styles7b7f.css]
[forge3.com/wp-json/wp/v2/pages/21070.json]
[forge3.com/faqs/feed/index.html]
[forge3.com/wp-json/oembed/1.0/embed48f4.json]
[forge3.com/wp-json/oembed/1.0/embed2830]
[forge3.com/faqs/index.html]
[forge3.com/wp-content/themes/activeagency/css/salient-dynamic-stylesa6a7.css]
[forge3.com/master-service-terms/feed/index.html]
[forge3.com/wp-json/wp/v2/pages/21108.json]
[forge3.com/wp-json/oembed/1.0/embed7eac.json]
[forge3.com/wp-json/oembed/1.0/embed2985]
[forge3.com/master-service-terms/index.html]
[forge3.com/wp-content/themes/activeagency/css/salient-dynamic-stylesdd65.css]
[forge3.com/wp-json/wp/v2/pages/21104.json]
[forge3.com/privacy-policy/feed/index.html]
[forge3.com/wp-json/oembed/1.0/embedd1d1.json]
[forge3.com/wp-json/oembed/1.0/embeddfde]
[forge3.com/privacy-policy/index.html]
[forge3.com/download92bd.html]
[forge3.com/wp-content/themes/activeagency/css/singlea73f.css]
[forge3.com/wp-content/themes/activeagency/css/elements/element-recent-postsa73f.css]
[forge3.com/wp-content/themes/activeagency/css/salient-dynamic-styles5552.css]
[forge3.com/wp-json/wp/v2/posts/29849.json]
[forge3.com/wp-json/oembed/1.0/embed0787.json]
[forge3.com/wp-json/oembed/1.0/embed5966]
[forge3.com/blog/acquired-forge3-joins-agency-revolution/index.html]
[forge3.com/wp-content/themes/activeagency/css/plugins/flickitya73f.css]
[forge3.com/wp-content/plugins/js_composer_salient/assets/css/lib/vc-linecons/fonts/vc_linecons4906.eot]
[forge3.com/wp-content/plugins/js_composer_salient/assets/css/lib/vc-linecons/fonts/vc_linecons4906.woff]
[forge3.com/wp-content/plugins/js_composer_salient/assets/css/lib/vc-linecons/fonts/vc_linecons4906.ttf]
[forge3.com/wp-content/plugins/js_composer_salient/assets/css/lib/vc-linecons/fonts/vc_linecons4906.svg]
[forge3.com/wp-content/plugins/js_composer_salient/assets/css/lib/vc-linecons/vc_linecons_icons.min31dc.css]
[forge3.com/wp-content/themes/activeagency/css/plugins/magnificdb31.css]
[forge3.com/wp-content/themes/activeagency/css/off-canvas/corea73f.css]
[forge3.com/wp-content/themes/activeagency/css/off-canvas/fullscreen-legacya73f.css]
[dycusinsurance.com/indexb52c.html]
[dycusinsurance.com/wp-content/themes/activeagency/css/images/select2-spinner.html]
[dycusinsurance.com/wp-content/themes/activeagency/css/fonts/iconsmind218a.html]
[dycusinsurance.com/index8248.html]
[dycusinsurance.com/index3411.html]
[dycusinsurance.com/index753d.html]
[dycusinsurance.com/indexce54.html]
[dycusinsurance.com/contact/review-us/index2f42.html]
[dycusinsurance.com/contact/review-us/index71f1.html]
[dycusinsurance.com/contact/review-us/index8dac.html]
[dycusinsurance.com/contact/[aa-location-slug-1]/index.html]
[forge3.com/wp-content/plugins/forge3-activeagency-features/iconset/font/active-agency3d9a.svg]
[forge3.com/wp-content/themes/activeagency/css/fonts/iconsmind.html]
[forge3.com/wp-content/themes/activeagency/css/fonts/fontawesome-webfont.svg]
[forge3.com/wp-content/themes/activeagency/css/fonts/iconsmind218a.html]
[forge3.com/wp-content/plugins/ht-knowledge-base/img/loader.svg]
[forge3.com/wp-content/themes/activeagency/css/fonts/icomoon.svg]
[forge3.com/wp-content/themes/activeagency/css/fonts/linecons.svg]
[forge3.com/wp-content/plugins/js_composer_salient/assets/fonts/vc_icons_v2/fonts/vcpb-plugin-iconsb82a.svg]
[forge3.com/wp-content/plugins/js_composer_salient/assets/fonts/vc_grid/vc_grid_v157a1.svg]
[forge3.com/wp-content/themes/activeagency/css/salient-dynamic-styles7bb6.css]
[forge3.com/wp-content/themes/activeagency/css/elements/element-icon-with-texta73f.css]
[forge3.com/wp-content/themes/activeagency/css/salient-dynamic-styles5ca5.css]
[forge3.com/indexcb08.html]
[forge3.com/wp-content/themes/activeagency/css/elements/element-tabbed-sectiona73f.css]
[forge3.com/wp-content/themes/activeagency/css/salient-dynamic-styles444a.css]
[forge3.com/index9052.html]
[forge3.com/help-center/feed/index.html]
[forge3.com/wp-content/themes/activeagency/css/salient-dynamic-stylesb87d.css]
[forge3.com/index7dd8.html]
[forge3.com/help-center/what-to-expect-after-you-sign-up-for-activeagency/index.html]
[forge3.com/help-center/how-to-request-website-updates-and-additions/index.html]
[forge3.com/help-center-category/activeagency-features/index.html]
[forge3.com/help-center-category/pages-and-content/index.html]
[forge3.com/help-center-category/design-and-layout/index.html]
[forge3.com/help-center-category/plugins-and-integrations/index.html]
[forge3.com/help-center-category/account-and-billing/index.html]
[forge3.com/help-center-category/apps-and-tools/index.html]
[forge3.com/help-center-category/upcoming-webinars/index.html]
[forge3.com/help-center/how-to-use-the-video-library/index.html]
[forge3.com/help-center/social-media-for-insurance-agencies/index.html]
[forge3.com/help-center/website-speed-reports-for-insurance-agency-websites/index.html]
[forge3.com/help-center/blogging-for-insurance-agencies/index.html]
[forge3.com/help-center/ada-compliance-for-insurance-agency-websites/index.html]
[forge3.com/help-center/using-clickable-coverage-on-your-activeagency-website/index.html]
[forge3.com/help-center/help-center/how-to-use-clickable-coverage/index.html]
[forge3.com/help-center/seo-for-insurance-agency-websites/index.html]
[forge3.com/help-center/how-insurance-producers-use-linkedin-to-sell/index.html]
[forge3.com/the-baby-steps/index.html]
[forge3.com/help-center/absolutely-impressive-apps-for-insurance-agencies/index.html]
[forge3.com/help-center/how-to-write-an-about-page-for-your-insurance-agency-website/index.html]
[forge3.com/help-center/8-must-have-features-for-insurance-agency-websites/index.html]
[forge3.com/help-center/how-to-write-team-member-bios-for-insurance-agency-websites/index.html]
[forge3.com/help-center/how-to-use-power-panels/index.html]
[forge3.com/help-center/how-to-use-hello-producer/index.html]
[forge3.com/help-center/how-to-use-live-chat/index.html]
[forge3.com/help-center/how-to-use-your-client-service-center/index.html]
[forge3.com/help-center/how-to-use-notification-bars/index.html]
[forge3.com/help-center/how-to-get-5-star-reviews/index.html]
[forge3.com/help-center/how-to-use-video-proposals/index.html]
[forge3.com/help-center/activeagency-website-refresh/index.html]
[forge3.com/help-center/how-to-set-up-google-analytics/index.html]
[forge3.com/help-center/how-insurance-agencies-use-texting/index.html]
[forge3.com/help-center/remote-work-hiring-culture-and-tools-with-jeff-and-monika/index.html]
[forge3.com/help-center/working-remotely-how-to-make-it-work-live-panel-discussion/index.html]
[forge3.com/help-center/setting-up-google-my-business-for-your-insurance-agency/index.html]
[forge3.com/help-center/impress-prospects-and-clients-with-handwritten-cards-for-insurance-agencies/index.html]
[forge3.com/wp-content/themes/activeagency/css/salient-dynamic-styles314a.css]
[forge3.com/index0379.html]
[forge3.com/wp-content/uploads/2020/08/Forge3-Award-Great-Place-to-Work-Certified.svg]
[forge3.com/wp-content/uploads/2020/08/Forge3-Award-Fastest-Growing-Companies.svg]
[forge3.com/wp-content/uploads/2020/08/Forge3-Award-Ben-Franklin-Graduate-of-the-Year.svg]
[forge3.com/wp-content/uploads/2020/08/Forge3-Award-Lehigh-Valley-Business-of-the-Year.svg]
[forge3.com/wp-content/uploads/2020/08/Forge3-Award-Sassy-Massey-Blue-Butterfly.svg]
[forge3.com/wp-content/uploads/2020/08/Forge3-Growth-Chart.svg]
[forge3.com/about/monika-baraket/index.html]
[forge3.com/about/devon-beck/index.html]
[forge3.com/about/liz-allebach/index.html]
[forge3.com/about/rose-hayes/index.html]
[forge3.com/about/ian-zeiders/index.html]
[forge3.com/about/joleen-fetter/index.html]
[forge3.com/about/steph-brace/index.html]
[forge3.com/about/bethany-jorgensen/index.html]
[forge3.com/about/ewa-henderson/index.html]
[forge3.com/about/justine-sorrentino/index.html]
[forge3.com/about/kayla-mjaatvedt/index.html]
[forge3.com/about/kassie-rainford/index.html]
[forge3.com/about/michelle-longo/index.html]
[forge3.com/about/olivia-wade/index.html]
[forge3.com/about/joseph-ernst/index.html]
[forge3.com/about/keira-lenig/index.html]
[forge3.com/about/melissa-marzan/index.html]
[forge3.com/about/eric-martinez/index.html]
[forge3.com/about/mark-lindheimer/index.html]
[forge3.com/about/talitha-harry/index.html]
[forge3.com/wp-content/uploads/2020/08/Forge3-Team-Words.svg]
[forge3.com/wp-content/themes/activeagency/css/salient-dynamic-stylese561.css]
[forge3.com/index2a18.html]
[forge3.com/wp-content/themes/activeagency/css/salient-dynamic-stylesd43e.css]
[forge3.com/wp-content/themes/activeagency/css/salient-dynamic-stylesebd1.css]
[forge3.com/wp-content/themes/activeagency/css/salient-dynamic-styles695f.css]
[forge3.com/indexc58b.html]
[forge3.com/wp-content/themes/activeagency/css/salient-dynamic-styles1667.css]
[forge3.com/index2df4.html]
[forge3.com/blog/category/inside-forge3/index.html]
[forge3.com/blog/author/forge3-team/index.html]
[forge3.com/blog/inside-forge3-quarterly-meeting-and-top-golf/index.html]
[forge3.com/blog/author/monika-baraket/index.html]
[forge3.com/blog/activeagency-dashboard-is-here/index.html]
[forge3.com/blog/author/michelle-longo/index.html]
[forge3.com/blog/inside-forge3-milestone-trip-to-captiva-fl/index.html]
[forge3.com/blog/inside-forge3-promotions-and-team-updates/index.html]
[forge3.com/blog/announcing-activeagency-magenta/index.html]
[forge3.com/blog/inside-forge3-best-things-of-2021/index.html]
[forge3.com/blog/inside-forge3-annual-meeting-and-big-day-out/index.html]
[forge3.com/blog/video-tip-notification-bars/index.html]
[forge3.com/blog/category/video-tips/index.html]
[forge3.com/blog/video-tip-effective-use-of-power-panels/index.html]
[forge3.com/blog/video-tip-how-designers-choose-photos/index.html]
[forge3.com/blog/video-tip-how-to-use-hello-producer/index.html]
[forge3.com/blog/video-tip-how-to-get-5-star-reviews/index.html]
[forge3.com/blog/video-tip-using-the-join-our-team-page/index.html]
[forge3.com/blog/video-tip-locating-form-entries/index.html]
[forge3.com/blog/page/2/index.html]
[forge3.com/blog/page/3/index.html]
[forge3.com/blog/page/7/index.html]
[forge3.com/wp-content/themes/activeagency/css/salient-dynamic-styles43cb.css]
[forge3.com/indexcc86.html]
[forge3.com/wp-content/themes/activeagency/css/elements/element-interactive-mapa73f.css]
[forge3.com/wp-content/themes/activeagency/css/salient-dynamic-styles0ba1.css]
[forge3.com/index6f03.html]
[forge3.com/wp-content/themes/activeagency/css/salient-dynamic-styles13df.css]
[forge3.com/index0946.html]
[forge3.com/help-center/updating-website-forms-on-your-activeagency-website/index.html]
[forge3.com/the-f3x-difference/index7549.html]
[forge3.com/wp-content/themes/activeagency/css/salient-dynamic-styles8b71.css]
[forge3.com/index30af.html]
[forge3.com/wp-content/themes/activeagency/css/salient-dynamic-styles7b7f.css]
[forge3.com/index845e.html]
[forge3.com/wp-content/themes/activeagency/css/salient-dynamic-stylesa6a7.css]
[forge3.com/indexaa96.html]
[forge3.com/wp-content/themes/activeagency/css/salient-dynamic-stylesdd65.css]
[forge3.com/index0781.html]
[forge3.com/wp-content/themes/activeagency/css/singlea73f.css]
[forge3.com/wp-content/themes/activeagency/css/elements/element-recent-postsa73f.css]
[forge3.com/wp-content/themes/activeagency/css/salient-dynamic-styles5552.css]
[forge3.com/indexa65f.html]
[forge3.com/wp-content/plugins/js_composer_salient/assets/css/lib/vc-linecons/fonts/vc_linecons4906.svg]
